10:19:39.620 focus.panel panel=C7988 pane=21EAB trigger=standard
10:19:39.620 focus.panel.begin workspace=4DC57 panel=C7988 trigger=standard targetPane=21EAB focusedPane=21EAB selectedTab=62155 converged=0 currentPanel=02EBF
10:19:39.620 focus.panel.focusPane workspace=4DC57 panel=C7988 pane=21EAB
10:19:39.620 focus.bonsplit pane=21EAB
10:19:39.620 focus.split.apply.begin workspace=4DC57 pane=21EAB tab=62155 focusedPane=21EAB selectedTab=62155 reassert=1
10:19:39.621 focus.split.apply.end workspace=4DC57 panel=02EBF type=MarkdownPanel focusedPane=21EAB selectedTab=62155 prevPanel=02EBF
10:19:39.621 focus.panel.selectTab workspace=4DC57 panel=C7988 tab=26AA0
10:19:39.621 focus.bonsplit pane=21EAB
10:19:39.621 focus.split.apply.begin workspace=4DC57 pane=21EAB tab=26AA0 focusedPane=21EAB selectedTab=26AA0 reassert=1
10:19:39.621 focus.split.apply.end workspace=4DC57 panel=C7988 type=MarkdownPanel focusedPane=21EAB selectedTab=26AA0 prevPanel=C7988
10:19:39.621 focus.split.apply.begin workspace=4DC57 pane=21EAB tab=26AA0 focusedPane=21EAB selectedTab=26AA0 reassert=1
10:19:39.621 focus.split.apply.end workspace=4DC57 panel=C7988 type=MarkdownPanel focusedPane=21EAB selectedTab=26AA0 prevPanel=C7988
10:19:39.640 shortcut.sync.pre source=preferredWindow preferred={num=38 id=E963804E ident=cmux.main.E963804E-78A4-4417-B2B8-4702EF485879 key=1 main=1} chosen={id=E963804E mgr=0x0000000102a5ed10 tabs=1 selected=4DC57 hasWindow=1} eventWinNum=nil eventWin={nil} keyWin={num=38 id=E963804E ident=cmux.main.E963804E-78A4-4417-B2B8-4702EF485879 key=1 main=1} mainWin={num=38 id=E963804E ident=cmux.main.E963804E-78A4-4417-B2B8-4702EF485879 key=1 main=1} activeMgr=0x0000000102a5ed10 activeWinId=E963804E activeSelected=4DC57 contexts=[*E963804E{mgr=0x0000000102a5ed10,win=38,key=1,main=1,tabs=1,selected=4DC57}]
10:19:39.640 shortcut.sync.post source=preferredWindow beforeMgr=0x0000000102a5ed10 afterMgr=0x0000000102a5ed10 chosen={id=E963804E mgr=0x0000000102a5ed10 tabs=1 selected=4DC57 hasWindow=1} nochange=1 eventWinNum=nil eventWin={nil} keyWin={num=38 id=E963804E ident=cmux.main.E963804E-78A4-4417-B2B8-4702EF485879 key=1 main=1} mainWin={num=38 id=E963804E ident=cmux.main.E963804E-78A4-4417-B2B8-4702EF485879 key=1 main=1} activeMgr=0x0000000102a5ed10 activeWinId=E963804E activeSelected=4DC57 contexts=[*E963804E{mgr=0x0000000102a5ed10,win=38,key=1,main=1,tabs=1,selected=4DC57}]
10:19:39.640 shortcut.sync.pre source=preferredWindow preferred={num=38 id=E963804E ident=cmux.main.E963804E-78A4-4417-B2B8-4702EF485879 key=1 main=1} chosen={id=E963804E mgr=0x0000000102a5ed10 tabs=1 selected=4DC57 hasWindow=1} eventWinNum=nil eventWin={nil} keyWin={num=38 id=E963804E ident=cmux.main.E963804E-78A4-4417-B2B8-4702EF485879 key=1 main=1} mainWin={num=38 id=E963804E ident=cmux.main.E963804E-78A4-4417-B2B8-4702EF485879 key=1 main=1} activeMgr=0x0000000102a5ed10 activeWinId=E963804E activeSelected=4DC57 contexts=[*E963804E{mgr=0x0000000102a5ed10,win=38,key=1,main=1,tabs=1,selected=4DC57}]
10:19:39.640 shortcut.sync.post source=preferredWindow beforeMgr=0x0000000102a5ed10 afterMgr=0x0000000102a5ed10 chosen={id=E963804E mgr=0x0000000102a5ed10 tabs=1 selected=4DC57 hasWindow=1} nochange=1 eventWinNum=nil eventWin={nil} keyWin={num=38 id=E963804E ident=cmux.main.E963804E-78A4-4417-B2B8-4702EF485879 key=1 main=1} mainWin={num=38 id=E963804E ident=cmux.main.E963804E-78A4-4417-B2B8-4702EF485879 key=1 main=1} activeMgr=0x0000000102a5ed10 activeWinId=E963804E activeSelected=4DC57 contexts=[*E963804E{mgr=0x0000000102a5ed10,win=38,key=1,main=1,tabs=1,selected=4DC57}]
10:19:39.640 shortcut.sync.pre source=preferredWindow preferred={num=38 id=E963804E ident=cmux.main.E963804E-78A4-4417-B2B8-4702EF485879 key=1 main=1} chosen={id=E963804E mgr=0x0000000102a5ed10 tabs=1 selected=4DC57 hasWindow=1} eventWinNum=nil eventWin={nil} keyWin={num=38 id=E963804E ident=cmux.main.E963804E-78A4-4417-B2B8-4702EF485879 key=1 main=1} mainWin={num=38 id=E963804E ident=cmux.main.E963804E-78A4-4417-B2B8-4702EF485879 key=1 main=1} activeMgr=0x0000000102a5ed10 activeWinId=E963804E activeSelected=4DC57 contexts=[*E963804E{mgr=0x0000000102a5ed10,win=38,key=1,main=1,tabs=1,selected=4DC57}]
10:19:39.640 shortcut.sync.post source=preferredWindow beforeMgr=0x0000000102a5ed10 afterMgr=0x0000000102a5ed10 chosen={id=E963804E mgr=0x0000000102a5ed10 tabs=1 selected=4DC57 hasWindow=1} nochange=1 eventWinNum=nil eventWin={nil} keyWin={num=38 id=E963804E ident=cmux.main.E963804E-78A4-4417-B2B8-4702EF485879 key=1 main=1} mainWin={num=38 id=E963804E ident=cmux.main.E963804E-78A4-4417-B2B8-4702EF485879 key=1 main=1} activeMgr=0x0000000102a5ed10 activeWinId=E963804E activeSelected=4DC57 contexts=[*E963804E{mgr=0x0000000102a5ed10,win=38,key=1,main=1,tabs=1,selected=4DC57}]
10:19:39.640 shortcut.sync.pre source=preferredWindow preferred={num=38 id=E963804E ident=cmux.main.E963804E-78A4-4417-B2B8-4702EF485879 key=1 main=1} chosen={id=E963804E mgr=0x0000000102a5ed10 tabs=1 selected=4DC57 hasWindow=1} eventWinNum=nil eventWin={nil} keyWin={num=38 id=E963804E ident=cmux.main.E963804E-78A4-4417-B2B8-4702EF485879 key=1 main=1} mainWin={num=38 id=E963804E ident=cmux.main.E963804E-78A4-4417-B2B8-4702EF485879 key=1 main=1} activeMgr=0x0000000102a5ed10 activeWinId=E963804E activeSelected=4DC57 contexts=[*E963804E{mgr=0x0000000102a5ed10,win=38,key=1,main=1,tabs=1,selected=4DC57}]
10:19:39.640 shortcut.sync.post source=preferredWindow beforeMgr=0x0000000102a5ed10 afterMgr=0x0000000102a5ed10 chosen={id=E963804E mgr=0x0000000102a5ed10 tabs=1 selected=4DC57 hasWindow=1} nochange=1 eventWinNum=nil eventWin={nil} keyWin={num=38 id=E963804E ident=cmux.main.E963804E-78A4-4417-B2B8-4702EF485879 key=1 main=1} mainWin={num=38 id=E963804E ident=cmux.main.E963804E-78A4-4417-B2B8-4702EF485879 key=1 main=1} activeMgr=0x0000000102a5ed10 activeWinId=E963804E activeSelected=4DC57 contexts=[*E963804E{mgr=0x0000000102a5ed10,win=38,key=1,main=1,tabs=1,selected=4DC57}]
10:19:39.668 markdown.renderer.hidden panel=02EBFF46-949E-4420-A76D-4272CD66F3D0 line=77 offset=130.828125 width=920.0 height=695.0
10:19:39.694 markdown.renderer.evicted panel=1E4C9736-A4C8-42DE-83FD-C5321FF5B3BF line=1 offset=-29.0 source=0 width=460.0 height=316.0
10:19:40.713 markdown.renderer.restored panel=C79880A4-643C-4681-A2EA-78D214F6807F line=1 offset=-27.0 width=920.0 height=695.0
10:19:40.714 markdown.renderer.ready panel=C79880A4-643C-4681-A2EA-78D214F6807F elapsedMs=1087.329
10:19:40.716 focus.panel panel=1E4C9 pane=21EAB trigger=standard
10:19:40.717 focus.panel.begin workspace=4DC57 panel=1E4C9 trigger=standard targetPane=21EAB focusedPane=21EAB selectedTab=26AA0 converged=0 currentPanel=C7988
10:19:40.717 focus.panel.focusPane workspace=4DC57 panel=1E4C9 pane=21EAB
10:19:40.717 focus.bonsplit pane=21EAB
10:19:40.717 focus.split.apply.begin workspace=4DC57 pane=21EAB tab=26AA0 focusedPane=21EAB selectedTab=26AA0 reassert=1
10:19:40.717 focus.split.apply.end workspace=4DC57 panel=C7988 type=MarkdownPanel focusedPane=21EAB selectedTab=26AA0 prevPanel=C7988
10:19:40.717 focus.panel.selectTab workspace=4DC57 panel=1E4C9 tab=0B25F
10:19:40.717 focus.bonsplit pane=21EAB
10:19:40.717 focus.split.apply.begin workspace=4DC57 pane=21EAB tab=0B25F focusedPane=21EAB selectedTab=0B25F reassert=1
10:19:40.718 focus.split.apply.end workspace=4DC57 panel=1E4C9 type=MarkdownPanel focusedPane=21EAB selectedTab=0B25F prevPanel=1E4C9
10:19:40.718 focus.split.apply.begin workspace=4DC57 pane=21EAB tab=0B25F focusedPane=21EAB selectedTab=0B25F reassert=1
10:19:40.718 focus.split.apply.end workspace=4DC57 panel=1E4C9 type=MarkdownPanel focusedPane=21EAB selectedTab=0B25F prevPanel=1E4C9
10:19:40.737 shortcut.sync.pre source=preferredWindow preferred={num=38 id=E963804E ident=cmux.main.E963804E-78A4-4417-B2B8-4702EF485879 key=1 main=1} chosen={id=E963804E mgr=0x0000000102a5ed10 tabs=1 selected=4DC57 hasWindow=1} eventWinNum=nil eventWin={nil} keyWin={num=38 id=E963804E ident=cmux.main.E963804E-78A4-4417-B2B8-4702EF485879 key=1 main=1} mainWin={num=38 id=E963804E ident=cmux.main.E963804E-78A4-4417-B2B8-4702EF485879 key=1 main=1} activeMgr=0x0000000102a5ed10 activeWinId=E963804E activeSelected=4DC57 contexts=[*E963804E{mgr=0x0000000102a5ed10,win=38,key=1,main=1,tabs=1,selected=4DC57}]
10:19:40.737 shortcut.sync.post source=preferredWindow beforeMgr=0x0000000102a5ed10 afterMgr=0x0000000102a5ed10 chosen={id=E963804E mgr=0x0000000102a5ed10 tabs=1 selected=4DC57 hasWindow=1} nochange=1 eventWinNum=nil eventWin={nil} keyWin={num=38 id=E963804E ident=cmux.main.E963804E-78A4-4417-B2B8-4702EF485879 key=1 main=1} mainWin={num=38 id=E963804E ident=cmux.main.E963804E-78A4-4417-B2B8-4702EF485879 key=1 main=1} activeMgr=0x0000000102a5ed10 activeWinId=E963804E activeSelected=4DC57 contexts=[*E963804E{mgr=0x0000000102a5ed10,win=38,key=1,main=1,tabs=1,selected=4DC57}]
10:19:40.737 shortcut.sync.pre source=preferredWindow preferred={num=38 id=E963804E ident=cmux.main.E963804E-78A4-4417-B2B8-4702EF485879 key=1 main=1} chosen={id=E963804E mgr=0x0000000102a5ed10 tabs=1 selected=4DC57 hasWindow=1} eventWinNum=nil eventWin={nil} keyWin={num=38 id=E963804E ident=cmux.main.E963804E-78A4-4417-B2B8-4702EF485879 key=1 main=1} mainWin={num=38 id=E963804E ident=cmux.main.E963804E-78A4-4417-B2B8-4702EF485879 key=1 main=1} activeMgr=0x0000000102a5ed10 activeWinId=E963804E activeSelected=4DC57 contexts=[*E963804E{mgr=0x0000000102a5ed10,win=38,key=1,main=1,tabs=1,selected=4DC57}]
10:19:40.737 shortcut.sync.post source=preferredWindow beforeMgr=0x0000000102a5ed10 afterMgr=0x0000000102a5ed10 chosen={id=E963804E mgr=0x0000000102a5ed10 tabs=1 selected=4DC57 hasWindow=1} nochange=1 eventWinNum=nil eventWin={nil} keyWin={num=38 id=E963804E ident=cmux.main.E963804E-78A4-4417-B2B8-4702EF485879 key=1 main=1} mainWin={num=38 id=E963804E ident=cmux.main.E963804E-78A4-4417-B2B8-4702EF485879 key=1 main=1} activeMgr=0x0000000102a5ed10 activeWinId=E963804E activeSelected=4DC57 contexts=[*E963804E{mgr=0x0000000102a5ed10,win=38,key=1,main=1,tabs=1,selected=4DC57}]
10:19:40.737 shortcut.sync.pre source=preferredWindow preferred={num=38 id=E963804E ident=cmux.main.E963804E-78A4-4417-B2B8-4702EF485879 key=1 main=1} chosen={id=E963804E mgr=0x0000000102a5ed10 tabs=1 selected=4DC57 hasWindow=1} eventWinNum=nil eventWin={nil} keyWin={num=38 id=E963804E ident=cmux.main.E963804E-78A4-4417-B2B8-4702EF485879 key=1 main=1} mainWin={num=38 id=E963804E ident=cmux.main.E963804E-78A4-4417-B2B8-4702EF485879 key=1 main=1} activeMgr=0x0000000102a5ed10 activeWinId=E963804E activeSelected=4DC57 contexts=[*E963804E{mgr=0x0000000102a5ed10,win=38,key=1,main=1,tabs=1,selected=4DC57}]
10:19:40.737 shortcut.sync.post source=preferredWindow beforeMgr=0x0000000102a5ed10 afterMgr=0x0000000102a5ed10 chosen={id=E963804E mgr=0x0000000102a5ed10 tabs=1 selected=4DC57 hasWindow=1} nochange=1 eventWinNum=nil eventWin={nil} keyWin={num=38 id=E963804E ident=cmux.main.E963804E-78A4-4417-B2B8-4702EF485879 key=1 main=1} mainWin={num=38 id=E963804E ident=cmux.main.E963804E-78A4-4417-B2B8-4702EF485879 key=1 main=1} activeMgr=0x0000000102a5ed10 activeWinId=E963804E activeSelected=4DC57 contexts=[*E963804E{mgr=0x0000000102a5ed10,win=38,key=1,main=1,tabs=1,selected=4DC57}]
10:19:40.738 shortcut.sync.pre source=preferredWindow preferred={num=38 id=E963804E ident=cmux.main.E963804E-78A4-4417-B2B8-4702EF485879 key=1 main=1} chosen={id=E963804E mgr=0x0000000102a5ed10 tabs=1 selected=4DC57 hasWindow=1} eventWinNum=nil eventWin={nil} keyWin={num=38 id=E963804E ident=cmux.main.E963804E-78A4-4417-B2B8-4702EF485879 key=1 main=1} mainWin={num=38 id=E963804E ident=cmux.main.E963804E-78A4-4417-B2B8-4702EF485879 key=1 main=1} activeMgr=0x0000000102a5ed10 activeWinId=E963804E activeSelected=4DC57 contexts=[*E963804E{mgr=0x0000000102a5ed10,win=38,key=1,main=1,tabs=1,selected=4DC57}]
10:19:40.738 shortcut.sync.post source=preferredWindow beforeMgr=0x0000000102a5ed10 afterMgr=0x0000000102a5ed10 chosen={id=E963804E mgr=0x0000000102a5ed10 tabs=1 selected=4DC57 hasWindow=1} nochange=1 eventWinNum=nil eventWin={nil} keyWin={num=38 id=E963804E ident=cmux.main.E963804E-78A4-4417-B2B8-4702EF485879 key=1 main=1} mainWin={num=38 id=E963804E ident=cmux.main.E963804E-78A4-4417-B2B8-4702EF485879 key=1 main=1} activeMgr=0x0000000102a5ed10 activeWinId=E963804E activeSelected=4DC57 contexts=[*E963804E{mgr=0x0000000102a5ed10,win=38,key=1,main=1,tabs=1,selected=4DC57}]
10:19:40.761 markdown.renderer.hidden panel=C79880A4-643C-4681-A2EA-78D214F6807F line=1 offset=-27.0 width=920.0 height=695.0
10:19:40.788 markdown.renderer.evicted panel=C719C9B5-D615-45BC-8AF1-AA1947CB05C9 line=1 offset=-29.0 source=0 width=460.0 height=316.0
10:19:41.712 markdown.renderer.restored panel=1E4C9736-A4C8-42DE-83FD-C5321FF5B3BF line=1 offset=-27.0 width=920.0 height=695.0
10:19:41.712 markdown.renderer.ready panel=1E4C9736-A4C8-42DE-83FD-C5321FF5B3BF elapsedMs=986.664
10:19:41.715 focus.panel panel=C719C pane=21EAB trigger=standard
10:19:41.715 focus.panel.begin workspace=4DC57 panel=C719C trigger=standard targetPane=21EAB focusedPane=21EAB selectedTab=0B25F converged=0 currentPanel=1E4C9
10:19:41.715 focus.panel.focusPane workspace=4DC57 panel=C719C pane=21EAB
10:19:41.715 focus.bonsplit pane=21EAB
10:19:41.715 focus.split.apply.begin workspace=4DC57 pane=21EAB tab=0B25F focusedPane=21EAB selectedTab=0B25F reassert=1
10:19:41.716 focus.split.apply.end workspace=4DC57 panel=1E4C9 type=MarkdownPanel focusedPane=21EAB selectedTab=0B25F prevPanel=1E4C9
10:19:41.716 focus.panel.selectTab workspace=4DC57 panel=C719C tab=2C6A8
10:19:41.716 focus.bonsplit pane=21EAB
10:19:41.716 focus.split.apply.begin workspace=4DC57 pane=21EAB tab=2C6A8 focusedPane=21EAB selectedTab=2C6A8 reassert=1
10:19:41.716 focus.split.apply.end workspace=4DC57 panel=C719C type=MarkdownPanel focusedPane=21EAB selectedTab=2C6A8 prevPanel=C719C
10:19:41.717 focus.split.apply.begin workspace=4DC57 pane=21EAB tab=2C6A8 focusedPane=21EAB selectedTab=2C6A8 reassert=1
10:19:41.717 focus.split.apply.end workspace=4DC57 panel=C719C type=MarkdownPanel focusedPane=21EAB selectedTab=2C6A8 prevPanel=C719C
10:19:41.736 shortcut.sync.pre source=preferredWindow preferred={num=38 id=E963804E ident=cmux.main.E963804E-78A4-4417-B2B8-4702EF485879 key=1 main=1} chosen={id=E963804E mgr=0x0000000102a5ed10 tabs=1 selected=4DC57 hasWindow=1} eventWinNum=nil eventWin={nil} keyWin={num=38 id=E963804E ident=cmux.main.E963804E-78A4-4417-B2B8-4702EF485879 key=1 main=1} mainWin={num=38 id=E963804E ident=cmux.main.E963804E-78A4-4417-B2B8-4702EF485879 key=1 main=1} activeMgr=0x0000000102a5ed10 activeWinId=E963804E activeSelected=4DC57 contexts=[*E963804E{mgr=0x0000000102a5ed10,win=38,key=1,main=1,tabs=1,selected=4DC57}]
10:19:41.736 shortcut.sync.post source=preferredWindow beforeMgr=0x0000000102a5ed10 afterMgr=0x0000000102a5ed10 chosen={id=E963804E mgr=0x0000000102a5ed10 tabs=1 selected=4DC57 hasWindow=1} nochange=1 eventWinNum=nil eventWin={nil} keyWin={num=38 id=E963804E ident=cmux.main.E963804E-78A4-4417-B2B8-4702EF485879 key=1 main=1} mainWin={num=38 id=E963804E ident=cmux.main.E963804E-78A4-4417-B2B8-4702EF485879 key=1 main=1} activeMgr=0x0000000102a5ed10 activeWinId=E963804E activeSelected=4DC57 contexts=[*E963804E{mgr=0x0000000102a5ed10,win=38,key=1,main=1,tabs=1,selected=4DC57}]
10:19:41.736 shortcut.sync.pre source=preferredWindow preferred={num=38 id=E963804E ident=cmux.main.E963804E-78A4-4417-B2B8-4702EF485879 key=1 main=1} chosen={id=E963804E mgr=0x0000000102a5ed10 tabs=1 selected=4DC57 hasWindow=1} eventWinNum=nil eventWin={nil} keyWin={num=38 id=E963804E ident=cmux.main.E963804E-78A4-4417-B2B8-4702EF485879 key=1 main=1} mainWin={num=38 id=E963804E ident=cmux.main.E963804E-78A4-4417-B2B8-4702EF485879 key=1 main=1} activeMgr=0x0000000102a5ed10 activeWinId=E963804E activeSelected=4DC57 contexts=[*E963804E{mgr=0x0000000102a5ed10,win=38,key=1,main=1,tabs=1,selected=4DC57}]
10:19:41.736 shortcut.sync.post source=preferredWindow beforeMgr=0x0000000102a5ed10 afterMgr=0x0000000102a5ed10 chosen={id=E963804E mgr=0x0000000102a5ed10 tabs=1 selected=4DC57 hasWindow=1} nochange=1 eventWinNum=nil eventWin={nil} keyWin={num=38 id=E963804E ident=cmux.main.E963804E-78A4-4417-B2B8-4702EF485879 key=1 main=1} mainWin={num=38 id=E963804E ident=cmux.main.E963804E-78A4-4417-B2B8-4702EF485879 key=1 main=1} activeMgr=0x0000000102a5ed10 activeWinId=E963804E activeSelected=4DC57 contexts=[*E963804E{mgr=0x0000000102a5ed10,win=38,key=1,main=1,tabs=1,selected=4DC57}]
10:19:41.736 shortcut.sync.pre source=preferredWindow preferred={num=38 id=E963804E ident=cmux.main.E963804E-78A4-4417-B2B8-4702EF485879 key=1 main=1} chosen={id=E963804E mgr=0x0000000102a5ed10 tabs=1 selected=4DC57 hasWindow=1} eventWinNum=nil eventWin={nil} keyWin={num=38 id=E963804E ident=cmux.main.E963804E-78A4-4417-B2B8-4702EF485879 key=1 main=1} mainWin={num=38 id=E963804E ident=cmux.main.E963804E-78A4-4417-B2B8-4702EF485879 key=1 main=1} activeMgr=0x0000000102a5ed10 activeWinId=E963804E activeSelected=4DC57 contexts=[*E963804E{mgr=0x0000000102a5ed10,win=38,key=1,main=1,tabs=1,selected=4DC57}]
10:19:41.736 shortcut.sync.post source=preferredWindow beforeMgr=0x0000000102a5ed10 afterMgr=0x0000000102a5ed10 chosen={id=E963804E mgr=0x0000000102a5ed10 tabs=1 selected=4DC57 hasWindow=1} nochange=1 eventWinNum=nil eventWin={nil} keyWin={num=38 id=E963804E ident=cmux.main.E963804E-78A4-4417-B2B8-4702EF485879 key=1 main=1} mainWin={num=38 id=E963804E ident=cmux.main.E963804E-78A4-4417-B2B8-4702EF485879 key=1 main=1} activeMgr=0x0000000102a5ed10 activeWinId=E963804E activeSelected=4DC57 contexts=[*E963804E{mgr=0x0000000102a5ed10,win=38,key=1,main=1,tabs=1,selected=4DC57}]
10:19:41.737 shortcut.sync.pre source=preferredWindow preferred={num=38 id=E963804E ident=cmux.main.E963804E-78A4-4417-B2B8-4702EF485879 key=1 main=1} chosen={id=E963804E mgr=0x0000000102a5ed10 tabs=1 selected=4DC57 hasWindow=1} eventWinNum=nil eventWin={nil} keyWin={num=38 id=E963804E ident=cmux.main.E963804E-78A4-4417-B2B8-4702EF485879 key=1 main=1} mainWin={num=38 id=E963804E ident=cmux.main.E963804E-78A4-4417-B2B8-4702EF485879 key=1 main=1} activeMgr=0x0000000102a5ed10 activeWinId=E963804E activeSelected=4DC57 contexts=[*E963804E{mgr=0x0000000102a5ed10,win=38,key=1,main=1,tabs=1,selected=4DC57}]
10:19:41.737 shortcut.sync.post source=preferredWindow beforeMgr=0x0000000102a5ed10 afterMgr=0x0000000102a5ed10 chosen={id=E963804E mgr=0x0000000102a5ed10 tabs=1 selected=4DC57 hasWindow=1} nochange=1 eventWinNum=nil eventWin={nil} keyWin={num=38 id=E963804E ident=cmux.main.E963804E-78A4-4417-B2B8-4702EF485879 key=1 main=1} mainWin={num=38 id=E963804E ident=cmux.main.E963804E-78A4-4417-B2B8-4702EF485879 key=1 main=1} activeMgr=0x0000000102a5ed10 activeWinId=E963804E activeSelected=4DC57 contexts=[*E963804E{mgr=0x0000000102a5ed10,win=38,key=1,main=1,tabs=1,selected=4DC57}]
10:19:41.760 markdown.renderer.hidden panel=1E4C9736-A4C8-42DE-83FD-C5321FF5B3BF line=1 offset=-27.0 width=920.0 height=695.0
10:19:41.790 markdown.renderer.evicted panel=B6772192-A0D1-42EF-84C3-1E74512C7A1D line=1 offset=-29.0 source=0 width=460.0 height=316.0
10:19:42.746 markdown.renderer.restored panel=C719C9B5-D615-45BC-8AF1-AA1947CB05C9 line=1 offset=-27.0 width=920.0 height=695.0
10:19:42.746 markdown.renderer.ready panel=C719C9B5-D615-45BC-8AF1-AA1947CB05C9 elapsedMs=1022.813
10:19:42.750 focus.panel panel=B6772 pane=21EAB trigger=standard
10:19:42.750 focus.panel.begin workspace=4DC57 panel=B6772 trigger=standard targetPane=21EAB focusedPane=21EAB selectedTab=2C6A8 converged=0 currentPanel=C719C
10:19:42.750 focus.panel.focusPane workspace=4DC57 panel=B6772 pane=21EAB
10:19:42.750 focus.bonsplit pane=21EAB
10:19:42.750 focus.split.apply.begin workspace=4DC57 pane=21EAB tab=2C6A8 focusedPane=21EAB selectedTab=2C6A8 reassert=1
10:19:42.751 focus.split.apply.end workspace=4DC57 panel=C719C type=MarkdownPanel focusedPane=21EAB selectedTab=2C6A8 prevPanel=C719C
10:19:42.751 focus.panel.selectTab workspace=4DC57 panel=B6772 tab=7A3C7
10:19:42.751 focus.bonsplit pane=21EAB
10:19:42.751 focus.split.apply.begin workspace=4DC57 pane=21EAB tab=7A3C7 focusedPane=21EAB selectedTab=7A3C7 reassert=1
10:19:42.751 focus.split.apply.end workspace=4DC57 panel=B6772 type=MarkdownPanel focusedPane=21EAB selectedTab=7A3C7 prevPanel=B6772
10:19:42.751 focus.split.apply.begin workspace=4DC57 pane=21EAB tab=7A3C7 focusedPane=21EAB selectedTab=7A3C7 reassert=1
10:19:42.752 focus.split.apply.end workspace=4DC57 panel=B6772 type=MarkdownPanel focusedPane=21EAB selectedTab=7A3C7 prevPanel=B6772
10:19:42.770 shortcut.sync.pre source=preferredWindow preferred={num=38 id=E963804E ident=cmux.main.E963804E-78A4-4417-B2B8-4702EF485879 key=1 main=1} chosen={id=E963804E mgr=0x0000000102a5ed10 tabs=1 selected=4DC57 hasWindow=1} eventWinNum=nil eventWin={nil} keyWin={num=38 id=E963804E ident=cmux.main.E963804E-78A4-4417-B2B8-4702EF485879 key=1 main=1} mainWin={num=38 id=E963804E ident=cmux.main.E963804E-78A4-4417-B2B8-4702EF485879 key=1 main=1} activeMgr=0x0000000102a5ed10 activeWinId=E963804E activeSelected=4DC57 contexts=[*E963804E{mgr=0x0000000102a5ed10,win=38,key=1,main=1,tabs=1,selected=4DC57}]
10:19:42.770 shortcut.sync.post source=preferredWindow beforeMgr=0x0000000102a5ed10 afterMgr=0x0000000102a5ed10 chosen={id=E963804E mgr=0x0000000102a5ed10 tabs=1 selected=4DC57 hasWindow=1} nochange=1 eventWinNum=nil eventWin={nil} keyWin={num=38 id=E963804E ident=cmux.main.E963804E-78A4-4417-B2B8-4702EF485879 key=1 main=1} mainWin={num=38 id=E963804E ident=cmux.main.E963804E-78A4-4417-B2B8-4702EF485879 key=1 main=1} activeMgr=0x0000000102a5ed10 activeWinId=E963804E activeSelected=4DC57 contexts=[*E963804E{mgr=0x0000000102a5ed10,win=38,key=1,main=1,tabs=1,selected=4DC57}]
10:19:42.771 shortcut.sync.pre source=preferredWindow preferred={num=38 id=E963804E ident=cmux.main.E963804E-78A4-4417-B2B8-4702EF485879 key=1 main=1} chosen={id=E963804E mgr=0x0000000102a5ed10 tabs=1 selected=4DC57 hasWindow=1} eventWinNum=nil eventWin={nil} keyWin={num=38 id=E963804E ident=cmux.main.E963804E-78A4-4417-B2B8-4702EF485879 key=1 main=1} mainWin={num=38 id=E963804E ident=cmux.main.E963804E-78A4-4417-B2B8-4702EF485879 key=1 main=1} activeMgr=0x0000000102a5ed10 activeWinId=E963804E activeSelected=4DC57 contexts=[*E963804E{mgr=0x0000000102a5ed10,win=38,key=1,main=1,tabs=1,selected=4DC57}]
10:19:42.771 shortcut.sync.post source=preferredWindow beforeMgr=0x0000000102a5ed10 afterMgr=0x0000000102a5ed10 chosen={id=E963804E mgr=0x0000000102a5ed10 tabs=1 selected=4DC57 hasWindow=1} nochange=1 eventWinNum=nil eventWin={nil} keyWin={num=38 id=E963804E ident=cmux.main.E963804E-78A4-4417-B2B8-4702EF485879 key=1 main=1} mainWin={num=38 id=E963804E ident=cmux.main.E963804E-78A4-4417-B2B8-4702EF485879 key=1 main=1} activeMgr=0x0000000102a5ed10 activeWinId=E963804E activeSelected=4DC57 contexts=[*E963804E{mgr=0x0000000102a5ed10,win=38,key=1,main=1,tabs=1,selected=4DC57}]
10:19:42.771 shortcut.sync.pre source=preferredWindow preferred={num=38 id=E963804E ident=cmux.main.E963804E-78A4-4417-B2B8-4702EF485879 key=1 main=1} chosen={id=E963804E mgr=0x0000000102a5ed10 tabs=1 selected=4DC57 hasWindow=1} eventWinNum=nil eventWin={nil} keyWin={num=38 id=E963804E ident=cmux.main.E963804E-78A4-4417-B2B8-4702EF485879 key=1 main=1} mainWin={num=38 id=E963804E ident=cmux.main.E963804E-78A4-4417-B2B8-4702EF485879 key=1 main=1} activeMgr=0x0000000102a5ed10 activeWinId=E963804E activeSelected=4DC57 contexts=[*E963804E{mgr=0x0000000102a5ed10,win=38,key=1,main=1,tabs=1,selected=4DC57}]
10:19:42.771 shortcut.sync.post source=preferredWindow beforeMgr=0x0000000102a5ed10 afterMgr=0x0000000102a5ed10 chosen={id=E963804E mgr=0x0000000102a5ed10 tabs=1 selected=4DC57 hasWindow=1} nochange=1 eventWinNum=nil eventWin={nil} keyWin={num=38 id=E963804E ident=cmux.main.E963804E-78A4-4417-B2B8-4702EF485879 key=1 main=1} mainWin={num=38 id=E963804E ident=cmux.main.E963804E-78A4-4417-B2B8-4702EF485879 key=1 main=1} activeMgr=0x0000000102a5ed10 activeWinId=E963804E activeSelected=4DC57 contexts=[*E963804E{mgr=0x0000000102a5ed10,win=38,key=1,main=1,tabs=1,selected=4DC57}]
10:19:42.771 shortcut.sync.pre source=preferredWindow preferred={num=38 id=E963804E ident=cmux.main.E963804E-78A4-4417-B2B8-4702EF485879 key=1 main=1} chosen={id=E963804E mgr=0x0000000102a5ed10 tabs=1 selected=4DC57 hasWindow=1} eventWinNum=nil eventWin={nil} keyWin={num=38 id=E963804E ident=cmux.main.E963804E-78A4-4417-B2B8-4702EF485879 key=1 main=1} mainWin={num=38 id=E963804E ident=cmux.main.E963804E-78A4-4417-B2B8-4702EF485879 key=1 main=1} activeMgr=0x0000000102a5ed10 activeWinId=E963804E activeSelected=4DC57 contexts=[*E963804E{mgr=0x0000000102a5ed10,win=38,key=1,main=1,tabs=1,selected=4DC57}]
10:19:42.771 shortcut.sync.post source=preferredWindow beforeMgr=0x0000000102a5ed10 afterMgr=0x0000000102a5ed10 chosen={id=E963804E mgr=0x0000000102a5ed10 tabs=1 selected=4DC57 hasWindow=1} nochange=1 eventWinNum=nil eventWin={nil} keyWin={num=38 id=E963804E ident=cmux.main.E963804E-78A4-4417-B2B8-4702EF485879 key=1 main=1} mainWin={num=38 id=E963804E ident=cmux.main.E963804E-78A4-4417-B2B8-4702EF485879 key=1 main=1} activeMgr=0x0000000102a5ed10 activeWinId=E963804E activeSelected=4DC57 contexts=[*E963804E{mgr=0x0000000102a5ed10,win=38,key=1,main=1,tabs=1,selected=4DC57}]
10:19:42.800 markdown.renderer.hidden panel=C719C9B5-D615-45BC-8AF1-AA1947CB05C9 line=1 offset=-27.0 width=920.0 height=695.0
10:19:42.824 markdown.renderer.evicted panel=507DC461-EB2E-4D05-AC76-896C5AE55736 line=1 offset=-27.0 source=0 width=920.0 height=695.0
10:19:43.785 markdown.renderer.restored panel=B6772192-A0D1-42EF-84C3-1E74512C7A1D line=1 offset=-27.0 width=920.0 height=695.0
10:19:43.785 markdown.renderer.ready panel=B6772192-A0D1-42EF-84C3-1E74512C7A1D elapsedMs=1022.941
10:19:43.787 focus.panel panel=507DC pane=21EAB trigger=standard
10:19:43.787 focus.panel.begin workspace=4DC57 panel=507DC trigger=standard targetPane=21EAB focusedPane=21EAB selectedTab=7A3C7 converged=0 currentPanel=B6772
10:19:43.787 focus.panel.focusPane workspace=4DC57 panel=507DC pane=21EAB
10:19:43.787 focus.bonsplit pane=21EAB
10:19:43.788 focus.split.apply.begin workspace=4DC57 pane=21EAB tab=7A3C7 focusedPane=21EAB selectedTab=7A3C7 reassert=1
10:19:43.788 focus.split.apply.end workspace=4DC57 panel=B6772 type=MarkdownPanel focusedPane=21EAB selectedTab=7A3C7 prevPanel=B6772
10:19:43.788 focus.panel.selectTab workspace=4DC57 panel=507DC tab=7F599
10:19:43.788 focus.bonsplit pane=21EAB
10:19:43.788 focus.split.apply.begin workspace=4DC57 pane=21EAB tab=7F599 focusedPane=21EAB selectedTab=7F599 reassert=1
10:19:43.789 focus.split.apply.end workspace=4DC57 panel=507DC type=MarkdownPanel focusedPane=21EAB selectedTab=7F599 prevPanel=507DC
10:19:43.789 focus.split.apply.begin workspace=4DC57 pane=21EAB tab=7F599 focusedPane=21EAB selectedTab=7F599 reassert=1
10:19:43.789 focus.split.apply.end workspace=4DC57 panel=507DC type=MarkdownPanel focusedPane=21EAB selectedTab=7F599 prevPanel=507DC
10:19:43.808 shortcut.sync.pre source=preferredWindow preferred={num=38 id=E963804E ident=cmux.main.E963804E-78A4-4417-B2B8-4702EF485879 key=1 main=1} chosen={id=E963804E mgr=0x0000000102a5ed10 tabs=1 selected=4DC57 hasWindow=1} eventWinNum=nil eventWin={nil} keyWin={num=38 id=E963804E ident=cmux.main.E963804E-78A4-4417-B2B8-4702EF485879 key=1 main=1} mainWin={num=38 id=E963804E ident=cmux.main.E963804E-78A4-4417-B2B8-4702EF485879 key=1 main=1} activeMgr=0x0000000102a5ed10 activeWinId=E963804E activeSelected=4DC57 contexts=[*E963804E{mgr=0x0000000102a5ed10,win=38,key=1,main=1,tabs=1,selected=4DC57}]
10:19:43.808 shortcut.sync.post source=preferredWindow beforeMgr=0x0000000102a5ed10 afterMgr=0x0000000102a5ed10 chosen={id=E963804E mgr=0x0000000102a5ed10 tabs=1 selected=4DC57 hasWindow=1} nochange=1 eventWinNum=nil eventWin={nil} keyWin={num=38 id=E963804E ident=cmux.main.E963804E-78A4-4417-B2B8-4702EF485879 key=1 main=1} mainWin={num=38 id=E963804E ident=cmux.main.E963804E-78A4-4417-B2B8-4702EF485879 key=1 main=1} activeMgr=0x0000000102a5ed10 activeWinId=E963804E activeSelected=4DC57 contexts=[*E963804E{mgr=0x0000000102a5ed10,win=38,key=1,main=1,tabs=1,selected=4DC57}]
10:19:43.808 shortcut.sync.pre source=preferredWindow preferred={num=38 id=E963804E ident=cmux.main.E963804E-78A4-4417-B2B8-4702EF485879 key=1 main=1} chosen={id=E963804E mgr=0x0000000102a5ed10 tabs=1 selected=4DC57 hasWindow=1} eventWinNum=nil eventWin={nil} keyWin={num=38 id=E963804E ident=cmux.main.E963804E-78A4-4417-B2B8-4702EF485879 key=1 main=1} mainWin={num=38 id=E963804E ident=cmux.main.E963804E-78A4-4417-B2B8-4702EF485879 key=1 main=1} activeMgr=0x0000000102a5ed10 activeWinId=E963804E activeSelected=4DC57 contexts=[*E963804E{mgr=0x0000000102a5ed10,win=38,key=1,main=1,tabs=1,selected=4DC57}]
10:19:43.808 shortcut.sync.post source=preferredWindow beforeMgr=0x0000000102a5ed10 afterMgr=0x0000000102a5ed10 chosen={id=E963804E mgr=0x0000000102a5ed10 tabs=1 selected=4DC57 hasWindow=1} nochange=1 eventWinNum=nil eventWin={nil} keyWin={num=38 id=E963804E ident=cmux.main.E963804E-78A4-4417-B2B8-4702EF485879 key=1 main=1} mainWin={num=38 id=E963804E ident=cmux.main.E963804E-78A4-4417-B2B8-4702EF485879 key=1 main=1} activeMgr=0x0000000102a5ed10 activeWinId=E963804E activeSelected=4DC57 contexts=[*E963804E{mgr=0x0000000102a5ed10,win=38,key=1,main=1,tabs=1,selected=4DC57}]
10:19:43.808 shortcut.sync.pre source=preferredWindow preferred={num=38 id=E963804E ident=cmux.main.E963804E-78A4-4417-B2B8-4702EF485879 key=1 main=1} chosen={id=E963804E mgr=0x0000000102a5ed10 tabs=1 selected=4DC57 hasWindow=1} eventWinNum=nil eventWin={nil} keyWin={num=38 id=E963804E ident=cmux.main.E963804E-78A4-4417-B2B8-4702EF485879 key=1 main=1} mainWin={num=38 id=E963804E ident=cmux.main.E963804E-78A4-4417-B2B8-4702EF485879 key=1 main=1} activeMgr=0x0000000102a5ed10 activeWinId=E963804E activeSelected=4DC57 contexts=[*E963804E{mgr=0x0000000102a5ed10,win=38,key=1,main=1,tabs=1,selected=4DC57}]
10:19:43.808 shortcut.sync.post source=preferredWindow beforeMgr=0x0000000102a5ed10 afterMgr=0x0000000102a5ed10 chosen={id=E963804E mgr=0x0000000102a5ed10 tabs=1 selected=4DC57 hasWindow=1} nochange=1 eventWinNum=nil eventWin={nil} keyWin={num=38 id=E963804E ident=cmux.main.E963804E-78A4-4417-B2B8-4702EF485879 key=1 main=1} mainWin={num=38 id=E963804E ident=cmux.main.E963804E-78A4-4417-B2B8-4702EF485879 key=1 main=1} activeMgr=0x0000000102a5ed10 activeWinId=E963804E activeSelected=4DC57 contexts=[*E963804E{mgr=0x0000000102a5ed10,win=38,key=1,main=1,tabs=1,selected=4DC57}]
10:19:43.809 shortcut.sync.pre source=preferredWindow preferred={num=38 id=E963804E ident=cmux.main.E963804E-78A4-4417-B2B8-4702EF485879 key=1 main=1} chosen={id=E963804E mgr=0x0000000102a5ed10 tabs=1 selected=4DC57 hasWindow=1} eventWinNum=nil eventWin={nil} keyWin={num=38 id=E963804E ident=cmux.main.E963804E-78A4-4417-B2B8-4702EF485879 key=1 main=1} mainWin={num=38 id=E963804E ident=cmux.main.E963804E-78A4-4417-B2B8-4702EF485879 key=1 main=1} activeMgr=0x0000000102a5ed10 activeWinId=E963804E activeSelected=4DC57 contexts=[*E963804E{mgr=0x0000000102a5ed10,win=38,key=1,main=1,tabs=1,selected=4DC57}]
10:19:43.809 shortcut.sync.post source=preferredWindow beforeMgr=0x0000000102a5ed10 afterMgr=0x0000000102a5ed10 chosen={id=E963804E mgr=0x0000000102a5ed10 tabs=1 selected=4DC57 hasWindow=1} nochange=1 eventWinNum=nil eventWin={nil} keyWin={num=38 id=E963804E ident=cmux.main.E963804E-78A4-4417-B2B8-4702EF485879 key=1 main=1} mainWin={num=38 id=E963804E ident=cmux.main.E963804E-78A4-4417-B2B8-4702EF485879 key=1 main=1} activeMgr=0x0000000102a5ed10 activeWinId=E963804E activeSelected=4DC57 contexts=[*E963804E{mgr=0x0000000102a5ed10,win=38,key=1,main=1,tabs=1,selected=4DC57}]
10:19:43.834 markdown.renderer.hidden panel=B6772192-A0D1-42EF-84C3-1E74512C7A1D line=1 offset=-27.0 width=920.0 height=695.0
10:19:43.861 markdown.renderer.evicted panel=02EBFF46-949E-4420-A76D-4272CD66F3D0 line=77 offset=130.828125 source=0 width=920.0 height=695.0
10:19:44.851 markdown.renderer.restored panel=507DC461-EB2E-4D05-AC76-896C5AE55736 line=1 offset=-27.0 width=920.0 height=695.0
10:19:44.851 markdown.renderer.ready panel=507DC461-EB2E-4D05-AC76-896C5AE55736 elapsedMs=1055.601
10:19:44.853 focus.panel panel=02EBF pane=21EAB trigger=standard
10:19:44.854 focus.panel.begin workspace=4DC57 panel=02EBF trigger=standard targetPane=21EAB focusedPane=21EAB selectedTab=7F599 converged=0 currentPanel=507DC
10:19:44.854 focus.panel.focusPane workspace=4DC57 panel=02EBF pane=21EAB
10:19:44.854 focus.bonsplit pane=21EAB
10:19:44.854 focus.split.apply.begin workspace=4DC57 pane=21EAB tab=7F599 focusedPane=21EAB selectedTab=7F599 reassert=1
10:19:44.854 focus.split.apply.end workspace=4DC57 panel=507DC type=MarkdownPanel focusedPane=21EAB selectedTab=7F599 prevPanel=507DC
10:19:44.855 focus.panel.selectTab workspace=4DC57 panel=02EBF tab=62155
10:19:44.855 focus.bonsplit pane=21EAB
10:19:44.855 focus.split.apply.begin workspace=4DC57 pane=21EAB tab=62155 focusedPane=21EAB selectedTab=62155 reassert=1
10:19:44.855 focus.split.apply.end workspace=4DC57 panel=02EBF type=MarkdownPanel focusedPane=21EAB selectedTab=62155 prevPanel=02EBF
10:19:44.855 focus.split.apply.begin workspace=4DC57 pane=21EAB tab=62155 focusedPane=21EAB selectedTab=62155 reassert=1
10:19:44.855 focus.split.apply.end workspace=4DC57 panel=02EBF type=MarkdownPanel focusedPane=21EAB selectedTab=62155 prevPanel=02EBF
10:19:44.876 shortcut.sync.pre source=preferredWindow preferred={num=38 id=E963804E ident=cmux.main.E963804E-78A4-4417-B2B8-4702EF485879 key=1 main=1} chosen={id=E963804E mgr=0x0000000102a5ed10 tabs=1 selected=4DC57 hasWindow=1} eventWinNum=nil eventWin={nil} keyWin={num=38 id=E963804E ident=cmux.main.E963804E-78A4-4417-B2B8-4702EF485879 key=1 main=1} mainWin={num=38 id=E963804E ident=cmux.main.E963804E-78A4-4417-B2B8-4702EF485879 key=1 main=1} activeMgr=0x0000000102a5ed10 activeWinId=E963804E activeSelected=4DC57 contexts=[*E963804E{mgr=0x0000000102a5ed10,win=38,key=1,main=1,tabs=1,selected=4DC57}]
10:19:44.876 shortcut.sync.post source=preferredWindow beforeMgr=0x0000000102a5ed10 afterMgr=0x0000000102a5ed10 chosen={id=E963804E mgr=0x0000000102a5ed10 tabs=1 selected=4DC57 hasWindow=1} nochange=1 eventWinNum=nil eventWin={nil} keyWin={num=38 id=E963804E ident=cmux.main.E963804E-78A4-4417-B2B8-4702EF485879 key=1 main=1} mainWin={num=38 id=E963804E ident=cmux.main.E963804E-78A4-4417-B2B8-4702EF485879 key=1 main=1} activeMgr=0x0000000102a5ed10 activeWinId=E963804E activeSelected=4DC57 contexts=[*E963804E{mgr=0x0000000102a5ed10,win=38,key=1,main=1,tabs=1,selected=4DC57}]
10:19:44.876 shortcut.sync.pre source=preferredWindow preferred={num=38 id=E963804E ident=cmux.main.E963804E-78A4-4417-B2B8-4702EF485879 key=1 main=1} chosen={id=E963804E mgr=0x0000000102a5ed10 tabs=1 selected=4DC57 hasWindow=1} eventWinNum=nil eventWin={nil} keyWin={num=38 id=E963804E ident=cmux.main.E963804E-78A4-4417-B2B8-4702EF485879 key=1 main=1} mainWin={num=38 id=E963804E ident=cmux.main.E963804E-78A4-4417-B2B8-4702EF485879 key=1 main=1} activeMgr=0x0000000102a5ed10 activeWinId=E963804E activeSelected=4DC57 contexts=[*E963804E{mgr=0x0000000102a5ed10,win=38,key=1,main=1,tabs=1,selected=4DC57}]
10:19:44.876 shortcut.sync.post source=preferredWindow beforeMgr=0x0000000102a5ed10 afterMgr=0x0000000102a5ed10 chosen={id=E963804E mgr=0x0000000102a5ed10 tabs=1 selected=4DC57 hasWindow=1} nochange=1 eventWinNum=nil eventWin={nil} keyWin={num=38 id=E963804E ident=cmux.main.E963804E-78A4-4417-B2B8-4702EF485879 key=1 main=1} mainWin={num=38 id=E963804E ident=cmux.main.E963804E-78A4-4417-B2B8-4702EF485879 key=1 main=1} activeMgr=0x0000000102a5ed10 activeWinId=E963804E activeSelected=4DC57 contexts=[*E963804E{mgr=0x0000000102a5ed10,win=38,key=1,main=1,tabs=1,selected=4DC57}]
10:19:44.876 shortcut.sync.pre source=preferredWindow preferred={num=38 id=E963804E ident=cmux.main.E963804E-78A4-4417-B2B8-4702EF485879 key=1 main=1} chosen={id=E963804E mgr=0x0000000102a5ed10 tabs=1 selected=4DC57 hasWindow=1} eventWinNum=nil eventWin={nil} keyWin={num=38 id=E963804E ident=cmux.main.E963804E-78A4-4417-B2B8-4702EF485879 key=1 main=1} mainWin={num=38 id=E963804E ident=cmux.main.E963804E-78A4-4417-B2B8-4702EF485879 key=1 main=1} activeMgr=0x0000000102a5ed10 activeWinId=E963804E activeSelected=4DC57 contexts=[*E963804E{mgr=0x0000000102a5ed10,win=38,key=1,main=1,tabs=1,selected=4DC57}]
10:19:44.876 shortcut.sync.post source=preferredWindow beforeMgr=0x0000000102a5ed10 afterMgr=0x0000000102a5ed10 chosen={id=E963804E mgr=0x0000000102a5ed10 tabs=1 selected=4DC57 hasWindow=1} nochange=1 eventWinNum=nil eventWin={nil} keyWin={num=38 id=E963804E ident=cmux.main.E963804E-78A4-4417-B2B8-4702EF485879 key=1 main=1} mainWin={num=38 id=E963804E ident=cmux.main.E963804E-78A4-4417-B2B8-4702EF485879 key=1 main=1} activeMgr=0x0000000102a5ed10 activeWinId=E963804E activeSelected=4DC57 contexts=[*E963804E{mgr=0x0000000102a5ed10,win=38,key=1,main=1,tabs=1,selected=4DC57}]
10:19:44.876 shortcut.sync.pre source=preferredWindow preferred={num=38 id=E963804E ident=cmux.main.E963804E-78A4-4417-B2B8-4702EF485879 key=1 main=1} chosen={id=E963804E mgr=0x0000000102a5ed10 tabs=1 selected=4DC57 hasWindow=1} eventWinNum=nil eventWin={nil} keyWin={num=38 id=E963804E ident=cmux.main.E963804E-78A4-4417-B2B8-4702EF485879 key=1 main=1} mainWin={num=38 id=E963804E ident=cmux.main.E963804E-78A4-4417-B2B8-4702EF485879 key=1 main=1} activeMgr=0x0000000102a5ed10 activeWinId=E963804E activeSelected=4DC57 contexts=[*E963804E{mgr=0x0000000102a5ed10,win=38,key=1,main=1,tabs=1,selected=4DC57}]
10:19:44.876 shortcut.sync.post source=preferredWindow beforeMgr=0x0000000102a5ed10 afterMgr=0x0000000102a5ed10 chosen={id=E963804E mgr=0x0000000102a5ed10 tabs=1 selected=4DC57 hasWindow=1} nochange=1 eventWinNum=nil eventWin={nil} keyWin={num=38 id=E963804E ident=cmux.main.E963804E-78A4-4417-B2B8-4702EF485879 key=1 main=1} mainWin={num=38 id=E963804E ident=cmux.main.E963804E-78A4-4417-B2B8-4702EF485879 key=1 main=1} activeMgr=0x0000000102a5ed10 activeWinId=E963804E activeSelected=4DC57 contexts=[*E963804E{mgr=0x0000000102a5ed10,win=38,key=1,main=1,tabs=1,selected=4DC57}]
10:19:44.900 markdown.renderer.hidden panel=507DC461-EB2E-4D05-AC76-896C5AE55736 line=1 offset=-27.0 width=920.0 height=695.0
10:19:44.927 markdown.renderer.evicted panel=C79880A4-643C-4681-A2EA-78D214F6807F line=1 offset=-27.0 source=0 width=920.0 height=695.0
10:19:45.453 session.save.skipped reason=unchanged_autosave_fingerprint includeScrollback=0 source=timer
10:19:45.846 markdown.renderer.restored panel=02EBFF46-949E-4420-A76D-4272CD66F3D0 line=77 offset=130.828125 width=920.0 height=695.0
10:19:45.846 markdown.renderer.ready panel=02EBFF46-949E-4420-A76D-4272CD66F3D0 elapsedMs=982.070
