12:12:07.606 focus.panel panel=1FB0D pane=1E9DF trigger=standard
12:12:07.607 focus.panel.begin workspace=BAF87 panel=1FB0D trigger=standard targetPane=1E9DF focusedPane=1E9DF selectedTab=29265 converged=0 currentPanel=053F6
12:12:07.607 focus.panel.focusPane workspace=BAF87 panel=1FB0D pane=1E9DF
12:12:07.607 focus.bonsplit pane=1E9DF
12:12:07.607 focus.split.apply.begin workspace=BAF87 pane=1E9DF tab=29265 focusedPane=1E9DF selectedTab=29265 reassert=1
12:12:07.607 focus.split.apply.end workspace=BAF87 panel=053F6 type=MarkdownPanel focusedPane=1E9DF selectedTab=29265 prevPanel=053F6
12:12:07.607 focus.panel.selectTab workspace=BAF87 panel=1FB0D tab=48D93
12:12:07.607 focus.bonsplit pane=1E9DF
12:12:07.607 focus.split.apply.begin workspace=BAF87 pane=1E9DF tab=48D93 focusedPane=1E9DF selectedTab=48D93 reassert=1
12:12:07.607 focus.split.apply.end workspace=BAF87 panel=1FB0D type=MarkdownPanel focusedPane=1E9DF selectedTab=48D93 prevPanel=1FB0D
12:12:07.607 focus.split.apply.begin workspace=BAF87 pane=1E9DF tab=48D93 focusedPane=1E9DF selectedTab=48D93 reassert=1
12:12:07.607 focus.split.apply.end workspace=BAF87 panel=1FB0D type=MarkdownPanel focusedPane=1E9DF selectedTab=48D93 prevPanel=1FB0D
12:12:07.625 shortcut.sync.pre source=preferredWindow preferred={num=33 id=22EB988A ident=cmux.main.22EB988A-44B3-4F8C-A163-95FF167C85D7 key=1 main=1} chosen={id=22EB988A mgr=0x0000000a48f60400 tabs=1 selected=BAF87 hasWindow=1} eventWinNum=nil eventWin={nil} keyWin={num=33 id=22EB988A ident=cmux.main.22EB988A-44B3-4F8C-A163-95FF167C85D7 key=1 main=1} mainWin={num=33 id=22EB988A ident=cmux.main.22EB988A-44B3-4F8C-A163-95FF167C85D7 key=1 main=1} activeMgr=0x0000000a48f60400 activeWinId=22EB988A activeSelected=BAF87 contexts=[*22EB988A{mgr=0x0000000a48f60400,win=33,key=1,main=1,tabs=1,selected=BAF87}]
12:12:07.625 shortcut.sync.post source=preferredWindow beforeMgr=0x0000000a48f60400 afterMgr=0x0000000a48f60400 chosen={id=22EB988A mgr=0x0000000a48f60400 tabs=1 selected=BAF87 hasWindow=1} nochange=1 eventWinNum=nil eventWin={nil} keyWin={num=33 id=22EB988A ident=cmux.main.22EB988A-44B3-4F8C-A163-95FF167C85D7 key=1 main=1} mainWin={num=33 id=22EB988A ident=cmux.main.22EB988A-44B3-4F8C-A163-95FF167C85D7 key=1 main=1} activeMgr=0x0000000a48f60400 activeWinId=22EB988A activeSelected=BAF87 contexts=[*22EB988A{mgr=0x0000000a48f60400,win=33,key=1,main=1,tabs=1,selected=BAF87}]
12:12:07.625 shortcut.sync.pre source=preferredWindow preferred={num=33 id=22EB988A ident=cmux.main.22EB988A-44B3-4F8C-A163-95FF167C85D7 key=1 main=1} chosen={id=22EB988A mgr=0x0000000a48f60400 tabs=1 selected=BAF87 hasWindow=1} eventWinNum=nil eventWin={nil} keyWin={num=33 id=22EB988A ident=cmux.main.22EB988A-44B3-4F8C-A163-95FF167C85D7 key=1 main=1} mainWin={num=33 id=22EB988A ident=cmux.main.22EB988A-44B3-4F8C-A163-95FF167C85D7 key=1 main=1} activeMgr=0x0000000a48f60400 activeWinId=22EB988A activeSelected=BAF87 contexts=[*22EB988A{mgr=0x0000000a48f60400,win=33,key=1,main=1,tabs=1,selected=BAF87}]
12:12:07.625 shortcut.sync.post source=preferredWindow beforeMgr=0x0000000a48f60400 afterMgr=0x0000000a48f60400 chosen={id=22EB988A mgr=0x0000000a48f60400 tabs=1 selected=BAF87 hasWindow=1} nochange=1 eventWinNum=nil eventWin={nil} keyWin={num=33 id=22EB988A ident=cmux.main.22EB988A-44B3-4F8C-A163-95FF167C85D7 key=1 main=1} mainWin={num=33 id=22EB988A ident=cmux.main.22EB988A-44B3-4F8C-A163-95FF167C85D7 key=1 main=1} activeMgr=0x0000000a48f60400 activeWinId=22EB988A activeSelected=BAF87 contexts=[*22EB988A{mgr=0x0000000a48f60400,win=33,key=1,main=1,tabs=1,selected=BAF87}]
12:12:07.625 shortcut.sync.pre source=preferredWindow preferred={num=33 id=22EB988A ident=cmux.main.22EB988A-44B3-4F8C-A163-95FF167C85D7 key=1 main=1} chosen={id=22EB988A mgr=0x0000000a48f60400 tabs=1 selected=BAF87 hasWindow=1} eventWinNum=nil eventWin={nil} keyWin={num=33 id=22EB988A ident=cmux.main.22EB988A-44B3-4F8C-A163-95FF167C85D7 key=1 main=1} mainWin={num=33 id=22EB988A ident=cmux.main.22EB988A-44B3-4F8C-A163-95FF167C85D7 key=1 main=1} activeMgr=0x0000000a48f60400 activeWinId=22EB988A activeSelected=BAF87 contexts=[*22EB988A{mgr=0x0000000a48f60400,win=33,key=1,main=1,tabs=1,selected=BAF87}]
12:12:07.625 shortcut.sync.post source=preferredWindow beforeMgr=0x0000000a48f60400 afterMgr=0x0000000a48f60400 chosen={id=22EB988A mgr=0x0000000a48f60400 tabs=1 selected=BAF87 hasWindow=1} nochange=1 eventWinNum=nil eventWin={nil} keyWin={num=33 id=22EB988A ident=cmux.main.22EB988A-44B3-4F8C-A163-95FF167C85D7 key=1 main=1} mainWin={num=33 id=22EB988A ident=cmux.main.22EB988A-44B3-4F8C-A163-95FF167C85D7 key=1 main=1} activeMgr=0x0000000a48f60400 activeWinId=22EB988A activeSelected=BAF87 contexts=[*22EB988A{mgr=0x0000000a48f60400,win=33,key=1,main=1,tabs=1,selected=BAF87}]
12:12:07.626 shortcut.sync.pre source=preferredWindow preferred={num=33 id=22EB988A ident=cmux.main.22EB988A-44B3-4F8C-A163-95FF167C85D7 key=1 main=1} chosen={id=22EB988A mgr=0x0000000a48f60400 tabs=1 selected=BAF87 hasWindow=1} eventWinNum=nil eventWin={nil} keyWin={num=33 id=22EB988A ident=cmux.main.22EB988A-44B3-4F8C-A163-95FF167C85D7 key=1 main=1} mainWin={num=33 id=22EB988A ident=cmux.main.22EB988A-44B3-4F8C-A163-95FF167C85D7 key=1 main=1} activeMgr=0x0000000a48f60400 activeWinId=22EB988A activeSelected=BAF87 contexts=[*22EB988A{mgr=0x0000000a48f60400,win=33,key=1,main=1,tabs=1,selected=BAF87}]
12:12:07.626 shortcut.sync.post source=preferredWindow beforeMgr=0x0000000a48f60400 afterMgr=0x0000000a48f60400 chosen={id=22EB988A mgr=0x0000000a48f60400 tabs=1 selected=BAF87 hasWindow=1} nochange=1 eventWinNum=nil eventWin={nil} keyWin={num=33 id=22EB988A ident=cmux.main.22EB988A-44B3-4F8C-A163-95FF167C85D7 key=1 main=1} mainWin={num=33 id=22EB988A ident=cmux.main.22EB988A-44B3-4F8C-A163-95FF167C85D7 key=1 main=1} activeMgr=0x0000000a48f60400 activeWinId=22EB988A activeSelected=BAF87 contexts=[*22EB988A{mgr=0x0000000a48f60400,win=33,key=1,main=1,tabs=1,selected=BAF87}]
12:12:07.652 markdown.renderer.hidden panel=053F6D27-4617-4726-BF84-83764F25B13A line=77 offset=130.828125 width=720.0 height=601.0
12:12:08.683 markdown.renderer.ready panel=1FB0D199-AE00-478E-9473-BEE410DED002 elapsedMs=1069.928
12:12:08.686 focus.panel panel=75C4C pane=1E9DF trigger=standard
12:12:08.686 focus.panel.begin workspace=BAF87 panel=75C4C trigger=standard targetPane=1E9DF focusedPane=1E9DF selectedTab=48D93 converged=0 currentPanel=1FB0D
12:12:08.686 focus.panel.focusPane workspace=BAF87 panel=75C4C pane=1E9DF
12:12:08.686 focus.bonsplit pane=1E9DF
12:12:08.686 focus.split.apply.begin workspace=BAF87 pane=1E9DF tab=48D93 focusedPane=1E9DF selectedTab=48D93 reassert=1
12:12:08.686 focus.split.apply.end workspace=BAF87 panel=1FB0D type=MarkdownPanel focusedPane=1E9DF selectedTab=48D93 prevPanel=1FB0D
12:12:08.687 focus.panel.selectTab workspace=BAF87 panel=75C4C tab=C24D1
12:12:08.687 focus.bonsplit pane=1E9DF
12:12:08.687 focus.split.apply.begin workspace=BAF87 pane=1E9DF tab=C24D1 focusedPane=1E9DF selectedTab=C24D1 reassert=1
12:12:08.687 focus.split.apply.end workspace=BAF87 panel=75C4C type=MarkdownPanel focusedPane=1E9DF selectedTab=C24D1 prevPanel=75C4C
12:12:08.687 focus.split.apply.begin workspace=BAF87 pane=1E9DF tab=C24D1 focusedPane=1E9DF selectedTab=C24D1 reassert=1
12:12:08.687 focus.split.apply.end workspace=BAF87 panel=75C4C type=MarkdownPanel focusedPane=1E9DF selectedTab=C24D1 prevPanel=75C4C
12:12:08.709 shortcut.sync.pre source=preferredWindow preferred={num=33 id=22EB988A ident=cmux.main.22EB988A-44B3-4F8C-A163-95FF167C85D7 key=1 main=1} chosen={id=22EB988A mgr=0x0000000a48f60400 tabs=1 selected=BAF87 hasWindow=1} eventWinNum=nil eventWin={nil} keyWin={num=33 id=22EB988A ident=cmux.main.22EB988A-44B3-4F8C-A163-95FF167C85D7 key=1 main=1} mainWin={num=33 id=22EB988A ident=cmux.main.22EB988A-44B3-4F8C-A163-95FF167C85D7 key=1 main=1} activeMgr=0x0000000a48f60400 activeWinId=22EB988A activeSelected=BAF87 contexts=[*22EB988A{mgr=0x0000000a48f60400,win=33,key=1,main=1,tabs=1,selected=BAF87}]
12:12:08.709 shortcut.sync.post source=preferredWindow beforeMgr=0x0000000a48f60400 afterMgr=0x0000000a48f60400 chosen={id=22EB988A mgr=0x0000000a48f60400 tabs=1 selected=BAF87 hasWindow=1} nochange=1 eventWinNum=nil eventWin={nil} keyWin={num=33 id=22EB988A ident=cmux.main.22EB988A-44B3-4F8C-A163-95FF167C85D7 key=1 main=1} mainWin={num=33 id=22EB988A ident=cmux.main.22EB988A-44B3-4F8C-A163-95FF167C85D7 key=1 main=1} activeMgr=0x0000000a48f60400 activeWinId=22EB988A activeSelected=BAF87 contexts=[*22EB988A{mgr=0x0000000a48f60400,win=33,key=1,main=1,tabs=1,selected=BAF87}]
12:12:08.709 shortcut.sync.pre source=preferredWindow preferred={num=33 id=22EB988A ident=cmux.main.22EB988A-44B3-4F8C-A163-95FF167C85D7 key=1 main=1} chosen={id=22EB988A mgr=0x0000000a48f60400 tabs=1 selected=BAF87 hasWindow=1} eventWinNum=nil eventWin={nil} keyWin={num=33 id=22EB988A ident=cmux.main.22EB988A-44B3-4F8C-A163-95FF167C85D7 key=1 main=1} mainWin={num=33 id=22EB988A ident=cmux.main.22EB988A-44B3-4F8C-A163-95FF167C85D7 key=1 main=1} activeMgr=0x0000000a48f60400 activeWinId=22EB988A activeSelected=BAF87 contexts=[*22EB988A{mgr=0x0000000a48f60400,win=33,key=1,main=1,tabs=1,selected=BAF87}]
12:12:08.709 shortcut.sync.post source=preferredWindow beforeMgr=0x0000000a48f60400 afterMgr=0x0000000a48f60400 chosen={id=22EB988A mgr=0x0000000a48f60400 tabs=1 selected=BAF87 hasWindow=1} nochange=1 eventWinNum=nil eventWin={nil} keyWin={num=33 id=22EB988A ident=cmux.main.22EB988A-44B3-4F8C-A163-95FF167C85D7 key=1 main=1} mainWin={num=33 id=22EB988A ident=cmux.main.22EB988A-44B3-4F8C-A163-95FF167C85D7 key=1 main=1} activeMgr=0x0000000a48f60400 activeWinId=22EB988A activeSelected=BAF87 contexts=[*22EB988A{mgr=0x0000000a48f60400,win=33,key=1,main=1,tabs=1,selected=BAF87}]
12:12:08.709 shortcut.sync.pre source=preferredWindow preferred={num=33 id=22EB988A ident=cmux.main.22EB988A-44B3-4F8C-A163-95FF167C85D7 key=1 main=1} chosen={id=22EB988A mgr=0x0000000a48f60400 tabs=1 selected=BAF87 hasWindow=1} eventWinNum=nil eventWin={nil} keyWin={num=33 id=22EB988A ident=cmux.main.22EB988A-44B3-4F8C-A163-95FF167C85D7 key=1 main=1} mainWin={num=33 id=22EB988A ident=cmux.main.22EB988A-44B3-4F8C-A163-95FF167C85D7 key=1 main=1} activeMgr=0x0000000a48f60400 activeWinId=22EB988A activeSelected=BAF87 contexts=[*22EB988A{mgr=0x0000000a48f60400,win=33,key=1,main=1,tabs=1,selected=BAF87}]
12:12:08.709 shortcut.sync.post source=preferredWindow beforeMgr=0x0000000a48f60400 afterMgr=0x0000000a48f60400 chosen={id=22EB988A mgr=0x0000000a48f60400 tabs=1 selected=BAF87 hasWindow=1} nochange=1 eventWinNum=nil eventWin={nil} keyWin={num=33 id=22EB988A ident=cmux.main.22EB988A-44B3-4F8C-A163-95FF167C85D7 key=1 main=1} mainWin={num=33 id=22EB988A ident=cmux.main.22EB988A-44B3-4F8C-A163-95FF167C85D7 key=1 main=1} activeMgr=0x0000000a48f60400 activeWinId=22EB988A activeSelected=BAF87 contexts=[*22EB988A{mgr=0x0000000a48f60400,win=33,key=1,main=1,tabs=1,selected=BAF87}]
12:12:08.710 shortcut.sync.pre source=preferredWindow preferred={num=33 id=22EB988A ident=cmux.main.22EB988A-44B3-4F8C-A163-95FF167C85D7 key=1 main=1} chosen={id=22EB988A mgr=0x0000000a48f60400 tabs=1 selected=BAF87 hasWindow=1} eventWinNum=nil eventWin={nil} keyWin={num=33 id=22EB988A ident=cmux.main.22EB988A-44B3-4F8C-A163-95FF167C85D7 key=1 main=1} mainWin={num=33 id=22EB988A ident=cmux.main.22EB988A-44B3-4F8C-A163-95FF167C85D7 key=1 main=1} activeMgr=0x0000000a48f60400 activeWinId=22EB988A activeSelected=BAF87 contexts=[*22EB988A{mgr=0x0000000a48f60400,win=33,key=1,main=1,tabs=1,selected=BAF87}]
12:12:08.710 shortcut.sync.post source=preferredWindow beforeMgr=0x0000000a48f60400 afterMgr=0x0000000a48f60400 chosen={id=22EB988A mgr=0x0000000a48f60400 tabs=1 selected=BAF87 hasWindow=1} nochange=1 eventWinNum=nil eventWin={nil} keyWin={num=33 id=22EB988A ident=cmux.main.22EB988A-44B3-4F8C-A163-95FF167C85D7 key=1 main=1} mainWin={num=33 id=22EB988A ident=cmux.main.22EB988A-44B3-4F8C-A163-95FF167C85D7 key=1 main=1} activeMgr=0x0000000a48f60400 activeWinId=22EB988A activeSelected=BAF87 contexts=[*22EB988A{mgr=0x0000000a48f60400,win=33,key=1,main=1,tabs=1,selected=BAF87}]
12:12:08.734 markdown.renderer.hidden panel=1FB0D199-AE00-478E-9473-BEE410DED002 line=1 offset=-27.0 width=720.0 height=601.0
12:12:09.703 markdown.renderer.ready panel=75C4C407-79F1-41C1-96B4-B67D5FD60A53 elapsedMs=1007.796
12:12:09.706 focus.panel panel=1DF34 pane=1E9DF trigger=standard
12:12:09.706 focus.panel.begin workspace=BAF87 panel=1DF34 trigger=standard targetPane=1E9DF focusedPane=1E9DF selectedTab=C24D1 converged=0 currentPanel=75C4C
12:12:09.706 focus.panel.focusPane workspace=BAF87 panel=1DF34 pane=1E9DF
12:12:09.706 focus.bonsplit pane=1E9DF
12:12:09.706 focus.split.apply.begin workspace=BAF87 pane=1E9DF tab=C24D1 focusedPane=1E9DF selectedTab=C24D1 reassert=1
12:12:09.706 focus.split.apply.end workspace=BAF87 panel=75C4C type=MarkdownPanel focusedPane=1E9DF selectedTab=C24D1 prevPanel=75C4C
12:12:09.707 focus.panel.selectTab workspace=BAF87 panel=1DF34 tab=59F94
12:12:09.707 focus.bonsplit pane=1E9DF
12:12:09.707 focus.split.apply.begin workspace=BAF87 pane=1E9DF tab=59F94 focusedPane=1E9DF selectedTab=59F94 reassert=1
12:12:09.707 focus.split.apply.end workspace=BAF87 panel=1DF34 type=MarkdownPanel focusedPane=1E9DF selectedTab=59F94 prevPanel=1DF34
12:12:09.707 focus.split.apply.begin workspace=BAF87 pane=1E9DF tab=59F94 focusedPane=1E9DF selectedTab=59F94 reassert=1
12:12:09.707 focus.split.apply.end workspace=BAF87 panel=1DF34 type=MarkdownPanel focusedPane=1E9DF selectedTab=59F94 prevPanel=1DF34
12:12:09.736 shortcut.sync.pre source=preferredWindow preferred={num=33 id=22EB988A ident=cmux.main.22EB988A-44B3-4F8C-A163-95FF167C85D7 key=1 main=1} chosen={id=22EB988A mgr=0x0000000a48f60400 tabs=1 selected=BAF87 hasWindow=1} eventWinNum=nil eventWin={nil} keyWin={num=33 id=22EB988A ident=cmux.main.22EB988A-44B3-4F8C-A163-95FF167C85D7 key=1 main=1} mainWin={num=33 id=22EB988A ident=cmux.main.22EB988A-44B3-4F8C-A163-95FF167C85D7 key=1 main=1} activeMgr=0x0000000a48f60400 activeWinId=22EB988A activeSelected=BAF87 contexts=[*22EB988A{mgr=0x0000000a48f60400,win=33,key=1,main=1,tabs=1,selected=BAF87}]
12:12:09.736 shortcut.sync.post source=preferredWindow beforeMgr=0x0000000a48f60400 afterMgr=0x0000000a48f60400 chosen={id=22EB988A mgr=0x0000000a48f60400 tabs=1 selected=BAF87 hasWindow=1} nochange=1 eventWinNum=nil eventWin={nil} keyWin={num=33 id=22EB988A ident=cmux.main.22EB988A-44B3-4F8C-A163-95FF167C85D7 key=1 main=1} mainWin={num=33 id=22EB988A ident=cmux.main.22EB988A-44B3-4F8C-A163-95FF167C85D7 key=1 main=1} activeMgr=0x0000000a48f60400 activeWinId=22EB988A activeSelected=BAF87 contexts=[*22EB988A{mgr=0x0000000a48f60400,win=33,key=1,main=1,tabs=1,selected=BAF87}]
12:12:09.736 shortcut.sync.pre source=preferredWindow preferred={num=33 id=22EB988A ident=cmux.main.22EB988A-44B3-4F8C-A163-95FF167C85D7 key=1 main=1} chosen={id=22EB988A mgr=0x0000000a48f60400 tabs=1 selected=BAF87 hasWindow=1} eventWinNum=nil eventWin={nil} keyWin={num=33 id=22EB988A ident=cmux.main.22EB988A-44B3-4F8C-A163-95FF167C85D7 key=1 main=1} mainWin={num=33 id=22EB988A ident=cmux.main.22EB988A-44B3-4F8C-A163-95FF167C85D7 key=1 main=1} activeMgr=0x0000000a48f60400 activeWinId=22EB988A activeSelected=BAF87 contexts=[*22EB988A{mgr=0x0000000a48f60400,win=33,key=1,main=1,tabs=1,selected=BAF87}]
12:12:09.736 shortcut.sync.post source=preferredWindow beforeMgr=0x0000000a48f60400 afterMgr=0x0000000a48f60400 chosen={id=22EB988A mgr=0x0000000a48f60400 tabs=1 selected=BAF87 hasWindow=1} nochange=1 eventWinNum=nil eventWin={nil} keyWin={num=33 id=22EB988A ident=cmux.main.22EB988A-44B3-4F8C-A163-95FF167C85D7 key=1 main=1} mainWin={num=33 id=22EB988A ident=cmux.main.22EB988A-44B3-4F8C-A163-95FF167C85D7 key=1 main=1} activeMgr=0x0000000a48f60400 activeWinId=22EB988A activeSelected=BAF87 contexts=[*22EB988A{mgr=0x0000000a48f60400,win=33,key=1,main=1,tabs=1,selected=BAF87}]
12:12:09.737 shortcut.sync.pre source=preferredWindow preferred={num=33 id=22EB988A ident=cmux.main.22EB988A-44B3-4F8C-A163-95FF167C85D7 key=1 main=1} chosen={id=22EB988A mgr=0x0000000a48f60400 tabs=1 selected=BAF87 hasWindow=1} eventWinNum=nil eventWin={nil} keyWin={num=33 id=22EB988A ident=cmux.main.22EB988A-44B3-4F8C-A163-95FF167C85D7 key=1 main=1} mainWin={num=33 id=22EB988A ident=cmux.main.22EB988A-44B3-4F8C-A163-95FF167C85D7 key=1 main=1} activeMgr=0x0000000a48f60400 activeWinId=22EB988A activeSelected=BAF87 contexts=[*22EB988A{mgr=0x0000000a48f60400,win=33,key=1,main=1,tabs=1,selected=BAF87}]
12:12:09.737 shortcut.sync.post source=preferredWindow beforeMgr=0x0000000a48f60400 afterMgr=0x0000000a48f60400 chosen={id=22EB988A mgr=0x0000000a48f60400 tabs=1 selected=BAF87 hasWindow=1} nochange=1 eventWinNum=nil eventWin={nil} keyWin={num=33 id=22EB988A ident=cmux.main.22EB988A-44B3-4F8C-A163-95FF167C85D7 key=1 main=1} mainWin={num=33 id=22EB988A ident=cmux.main.22EB988A-44B3-4F8C-A163-95FF167C85D7 key=1 main=1} activeMgr=0x0000000a48f60400 activeWinId=22EB988A activeSelected=BAF87 contexts=[*22EB988A{mgr=0x0000000a48f60400,win=33,key=1,main=1,tabs=1,selected=BAF87}]
12:12:09.737 shortcut.sync.pre source=preferredWindow preferred={num=33 id=22EB988A ident=cmux.main.22EB988A-44B3-4F8C-A163-95FF167C85D7 key=1 main=1} chosen={id=22EB988A mgr=0x0000000a48f60400 tabs=1 selected=BAF87 hasWindow=1} eventWinNum=nil eventWin={nil} keyWin={num=33 id=22EB988A ident=cmux.main.22EB988A-44B3-4F8C-A163-95FF167C85D7 key=1 main=1} mainWin={num=33 id=22EB988A ident=cmux.main.22EB988A-44B3-4F8C-A163-95FF167C85D7 key=1 main=1} activeMgr=0x0000000a48f60400 activeWinId=22EB988A activeSelected=BAF87 contexts=[*22EB988A{mgr=0x0000000a48f60400,win=33,key=1,main=1,tabs=1,selected=BAF87}]
12:12:09.737 shortcut.sync.post source=preferredWindow beforeMgr=0x0000000a48f60400 afterMgr=0x0000000a48f60400 chosen={id=22EB988A mgr=0x0000000a48f60400 tabs=1 selected=BAF87 hasWindow=1} nochange=1 eventWinNum=nil eventWin={nil} keyWin={num=33 id=22EB988A ident=cmux.main.22EB988A-44B3-4F8C-A163-95FF167C85D7 key=1 main=1} mainWin={num=33 id=22EB988A ident=cmux.main.22EB988A-44B3-4F8C-A163-95FF167C85D7 key=1 main=1} activeMgr=0x0000000a48f60400 activeWinId=22EB988A activeSelected=BAF87 contexts=[*22EB988A{mgr=0x0000000a48f60400,win=33,key=1,main=1,tabs=1,selected=BAF87}]
12:12:09.760 markdown.renderer.hidden panel=75C4C407-79F1-41C1-96B4-B67D5FD60A53 line=1 offset=-27.0 width=720.0 height=601.0
12:12:10.515 session.save includeScrollback=0 windows=1
12:12:10.515 session.save.window idx=0 frame={x=160.0 y=175.0 w=920.0 h=695.0} display={id=1 frame={x=0.0 y=0.0 w=1440.0 h=900.0} visible={x=0.0 y=79.0 w=1440.0 h=791.0}} workspaces=1 selected=0
12:12:10.752 markdown.renderer.ready panel=1DF34D17-4FCF-4592-A5FD-BCF92469737F elapsedMs=1035.229
12:12:10.754 focus.panel panel=0FE7F pane=1E9DF trigger=standard
12:12:10.754 focus.panel.begin workspace=BAF87 panel=0FE7F trigger=standard targetPane=1E9DF focusedPane=1E9DF selectedTab=59F94 converged=0 currentPanel=1DF34
12:12:10.754 focus.panel.focusPane workspace=BAF87 panel=0FE7F pane=1E9DF
12:12:10.754 focus.bonsplit pane=1E9DF
12:12:10.754 focus.split.apply.begin workspace=BAF87 pane=1E9DF tab=59F94 focusedPane=1E9DF selectedTab=59F94 reassert=1
12:12:10.755 focus.split.apply.end workspace=BAF87 panel=1DF34 type=MarkdownPanel focusedPane=1E9DF selectedTab=59F94 prevPanel=1DF34
12:12:10.755 focus.panel.selectTab workspace=BAF87 panel=0FE7F tab=902D9
12:12:10.755 focus.bonsplit pane=1E9DF
12:12:10.755 focus.split.apply.begin workspace=BAF87 pane=1E9DF tab=902D9 focusedPane=1E9DF selectedTab=902D9 reassert=1
12:12:10.755 focus.split.apply.end workspace=BAF87 panel=0FE7F type=MarkdownPanel focusedPane=1E9DF selectedTab=902D9 prevPanel=0FE7F
12:12:10.755 focus.split.apply.begin workspace=BAF87 pane=1E9DF tab=902D9 focusedPane=1E9DF selectedTab=902D9 reassert=1
12:12:10.755 focus.split.apply.end workspace=BAF87 panel=0FE7F type=MarkdownPanel focusedPane=1E9DF selectedTab=902D9 prevPanel=0FE7F
12:12:10.782 shortcut.sync.pre source=preferredWindow preferred={num=33 id=22EB988A ident=cmux.main.22EB988A-44B3-4F8C-A163-95FF167C85D7 key=1 main=1} chosen={id=22EB988A mgr=0x0000000a48f60400 tabs=1 selected=BAF87 hasWindow=1} eventWinNum=nil eventWin={nil} keyWin={num=33 id=22EB988A ident=cmux.main.22EB988A-44B3-4F8C-A163-95FF167C85D7 key=1 main=1} mainWin={num=33 id=22EB988A ident=cmux.main.22EB988A-44B3-4F8C-A163-95FF167C85D7 key=1 main=1} activeMgr=0x0000000a48f60400 activeWinId=22EB988A activeSelected=BAF87 contexts=[*22EB988A{mgr=0x0000000a48f60400,win=33,key=1,main=1,tabs=1,selected=BAF87}]
12:12:10.782 shortcut.sync.post source=preferredWindow beforeMgr=0x0000000a48f60400 afterMgr=0x0000000a48f60400 chosen={id=22EB988A mgr=0x0000000a48f60400 tabs=1 selected=BAF87 hasWindow=1} nochange=1 eventWinNum=nil eventWin={nil} keyWin={num=33 id=22EB988A ident=cmux.main.22EB988A-44B3-4F8C-A163-95FF167C85D7 key=1 main=1} mainWin={num=33 id=22EB988A ident=cmux.main.22EB988A-44B3-4F8C-A163-95FF167C85D7 key=1 main=1} activeMgr=0x0000000a48f60400 activeWinId=22EB988A activeSelected=BAF87 contexts=[*22EB988A{mgr=0x0000000a48f60400,win=33,key=1,main=1,tabs=1,selected=BAF87}]
12:12:10.782 shortcut.sync.pre source=preferredWindow preferred={num=33 id=22EB988A ident=cmux.main.22EB988A-44B3-4F8C-A163-95FF167C85D7 key=1 main=1} chosen={id=22EB988A mgr=0x0000000a48f60400 tabs=1 selected=BAF87 hasWindow=1} eventWinNum=nil eventWin={nil} keyWin={num=33 id=22EB988A ident=cmux.main.22EB988A-44B3-4F8C-A163-95FF167C85D7 key=1 main=1} mainWin={num=33 id=22EB988A ident=cmux.main.22EB988A-44B3-4F8C-A163-95FF167C85D7 key=1 main=1} activeMgr=0x0000000a48f60400 activeWinId=22EB988A activeSelected=BAF87 contexts=[*22EB988A{mgr=0x0000000a48f60400,win=33,key=1,main=1,tabs=1,selected=BAF87}]
12:12:10.782 shortcut.sync.post source=preferredWindow beforeMgr=0x0000000a48f60400 afterMgr=0x0000000a48f60400 chosen={id=22EB988A mgr=0x0000000a48f60400 tabs=1 selected=BAF87 hasWindow=1} nochange=1 eventWinNum=nil eventWin={nil} keyWin={num=33 id=22EB988A ident=cmux.main.22EB988A-44B3-4F8C-A163-95FF167C85D7 key=1 main=1} mainWin={num=33 id=22EB988A ident=cmux.main.22EB988A-44B3-4F8C-A163-95FF167C85D7 key=1 main=1} activeMgr=0x0000000a48f60400 activeWinId=22EB988A activeSelected=BAF87 contexts=[*22EB988A{mgr=0x0000000a48f60400,win=33,key=1,main=1,tabs=1,selected=BAF87}]
12:12:10.782 shortcut.sync.pre source=preferredWindow preferred={num=33 id=22EB988A ident=cmux.main.22EB988A-44B3-4F8C-A163-95FF167C85D7 key=1 main=1} chosen={id=22EB988A mgr=0x0000000a48f60400 tabs=1 selected=BAF87 hasWindow=1} eventWinNum=nil eventWin={nil} keyWin={num=33 id=22EB988A ident=cmux.main.22EB988A-44B3-4F8C-A163-95FF167C85D7 key=1 main=1} mainWin={num=33 id=22EB988A ident=cmux.main.22EB988A-44B3-4F8C-A163-95FF167C85D7 key=1 main=1} activeMgr=0x0000000a48f60400 activeWinId=22EB988A activeSelected=BAF87 contexts=[*22EB988A{mgr=0x0000000a48f60400,win=33,key=1,main=1,tabs=1,selected=BAF87}]
12:12:10.782 shortcut.sync.post source=preferredWindow beforeMgr=0x0000000a48f60400 afterMgr=0x0000000a48f60400 chosen={id=22EB988A mgr=0x0000000a48f60400 tabs=1 selected=BAF87 hasWindow=1} nochange=1 eventWinNum=nil eventWin={nil} keyWin={num=33 id=22EB988A ident=cmux.main.22EB988A-44B3-4F8C-A163-95FF167C85D7 key=1 main=1} mainWin={num=33 id=22EB988A ident=cmux.main.22EB988A-44B3-4F8C-A163-95FF167C85D7 key=1 main=1} activeMgr=0x0000000a48f60400 activeWinId=22EB988A activeSelected=BAF87 contexts=[*22EB988A{mgr=0x0000000a48f60400,win=33,key=1,main=1,tabs=1,selected=BAF87}]
12:12:10.783 shortcut.sync.pre source=preferredWindow preferred={num=33 id=22EB988A ident=cmux.main.22EB988A-44B3-4F8C-A163-95FF167C85D7 key=1 main=1} chosen={id=22EB988A mgr=0x0000000a48f60400 tabs=1 selected=BAF87 hasWindow=1} eventWinNum=nil eventWin={nil} keyWin={num=33 id=22EB988A ident=cmux.main.22EB988A-44B3-4F8C-A163-95FF167C85D7 key=1 main=1} mainWin={num=33 id=22EB988A ident=cmux.main.22EB988A-44B3-4F8C-A163-95FF167C85D7 key=1 main=1} activeMgr=0x0000000a48f60400 activeWinId=22EB988A activeSelected=BAF87 contexts=[*22EB988A{mgr=0x0000000a48f60400,win=33,key=1,main=1,tabs=1,selected=BAF87}]
12:12:10.783 shortcut.sync.post source=preferredWindow beforeMgr=0x0000000a48f60400 afterMgr=0x0000000a48f60400 chosen={id=22EB988A mgr=0x0000000a48f60400 tabs=1 selected=BAF87 hasWindow=1} nochange=1 eventWinNum=nil eventWin={nil} keyWin={num=33 id=22EB988A ident=cmux.main.22EB988A-44B3-4F8C-A163-95FF167C85D7 key=1 main=1} mainWin={num=33 id=22EB988A ident=cmux.main.22EB988A-44B3-4F8C-A163-95FF167C85D7 key=1 main=1} activeMgr=0x0000000a48f60400 activeWinId=22EB988A activeSelected=BAF87 contexts=[*22EB988A{mgr=0x0000000a48f60400,win=33,key=1,main=1,tabs=1,selected=BAF87}]
12:12:10.808 markdown.renderer.hidden panel=1DF34D17-4FCF-4592-A5FD-BCF92469737F line=1 offset=-27.0 width=720.0 height=601.0
12:12:10.837 markdown.renderer.evicted panel=AAEA42E7-7E43-4BE3-9A39-C0E1AE50326B line=1 offset=-27.0 source=0 width=720.0 height=601.0
12:12:11.807 markdown.renderer.ready panel=0FE7FD27-C89D-4CD3-B30E-144D4612B5E9 elapsedMs=1044.587
12:12:11.810 focus.panel panel=AAEA4 pane=1E9DF trigger=standard
12:12:11.810 focus.panel.begin workspace=BAF87 panel=AAEA4 trigger=standard targetPane=1E9DF focusedPane=1E9DF selectedTab=902D9 converged=0 currentPanel=0FE7F
12:12:11.810 focus.panel.focusPane workspace=BAF87 panel=AAEA4 pane=1E9DF
12:12:11.810 focus.bonsplit pane=1E9DF
12:12:11.810 focus.split.apply.begin workspace=BAF87 pane=1E9DF tab=902D9 focusedPane=1E9DF selectedTab=902D9 reassert=1
12:12:11.810 focus.split.apply.end workspace=BAF87 panel=0FE7F type=MarkdownPanel focusedPane=1E9DF selectedTab=902D9 prevPanel=0FE7F
12:12:11.810 focus.panel.selectTab workspace=BAF87 panel=AAEA4 tab=8C8CE
12:12:11.810 focus.bonsplit pane=1E9DF
12:12:11.810 focus.split.apply.begin workspace=BAF87 pane=1E9DF tab=8C8CE focusedPane=1E9DF selectedTab=8C8CE reassert=1
12:12:11.811 focus.split.apply.end workspace=BAF87 panel=AAEA4 type=MarkdownPanel focusedPane=1E9DF selectedTab=8C8CE prevPanel=AAEA4
12:12:11.811 focus.split.apply.begin workspace=BAF87 pane=1E9DF tab=8C8CE focusedPane=1E9DF selectedTab=8C8CE reassert=1
12:12:11.811 focus.split.apply.end workspace=BAF87 panel=AAEA4 type=MarkdownPanel focusedPane=1E9DF selectedTab=8C8CE prevPanel=AAEA4
12:12:11.832 shortcut.sync.pre source=preferredWindow preferred={num=33 id=22EB988A ident=cmux.main.22EB988A-44B3-4F8C-A163-95FF167C85D7 key=1 main=1} chosen={id=22EB988A mgr=0x0000000a48f60400 tabs=1 selected=BAF87 hasWindow=1} eventWinNum=nil eventWin={nil} keyWin={num=33 id=22EB988A ident=cmux.main.22EB988A-44B3-4F8C-A163-95FF167C85D7 key=1 main=1} mainWin={num=33 id=22EB988A ident=cmux.main.22EB988A-44B3-4F8C-A163-95FF167C85D7 key=1 main=1} activeMgr=0x0000000a48f60400 activeWinId=22EB988A activeSelected=BAF87 contexts=[*22EB988A{mgr=0x0000000a48f60400,win=33,key=1,main=1,tabs=1,selected=BAF87}]
12:12:11.832 shortcut.sync.post source=preferredWindow beforeMgr=0x0000000a48f60400 afterMgr=0x0000000a48f60400 chosen={id=22EB988A mgr=0x0000000a48f60400 tabs=1 selected=BAF87 hasWindow=1} nochange=1 eventWinNum=nil eventWin={nil} keyWin={num=33 id=22EB988A ident=cmux.main.22EB988A-44B3-4F8C-A163-95FF167C85D7 key=1 main=1} mainWin={num=33 id=22EB988A ident=cmux.main.22EB988A-44B3-4F8C-A163-95FF167C85D7 key=1 main=1} activeMgr=0x0000000a48f60400 activeWinId=22EB988A activeSelected=BAF87 contexts=[*22EB988A{mgr=0x0000000a48f60400,win=33,key=1,main=1,tabs=1,selected=BAF87}]
12:12:11.832 shortcut.sync.pre source=preferredWindow preferred={num=33 id=22EB988A ident=cmux.main.22EB988A-44B3-4F8C-A163-95FF167C85D7 key=1 main=1} chosen={id=22EB988A mgr=0x0000000a48f60400 tabs=1 selected=BAF87 hasWindow=1} eventWinNum=nil eventWin={nil} keyWin={num=33 id=22EB988A ident=cmux.main.22EB988A-44B3-4F8C-A163-95FF167C85D7 key=1 main=1} mainWin={num=33 id=22EB988A ident=cmux.main.22EB988A-44B3-4F8C-A163-95FF167C85D7 key=1 main=1} activeMgr=0x0000000a48f60400 activeWinId=22EB988A activeSelected=BAF87 contexts=[*22EB988A{mgr=0x0000000a48f60400,win=33,key=1,main=1,tabs=1,selected=BAF87}]
12:12:11.832 shortcut.sync.post source=preferredWindow beforeMgr=0x0000000a48f60400 afterMgr=0x0000000a48f60400 chosen={id=22EB988A mgr=0x0000000a48f60400 tabs=1 selected=BAF87 hasWindow=1} nochange=1 eventWinNum=nil eventWin={nil} keyWin={num=33 id=22EB988A ident=cmux.main.22EB988A-44B3-4F8C-A163-95FF167C85D7 key=1 main=1} mainWin={num=33 id=22EB988A ident=cmux.main.22EB988A-44B3-4F8C-A163-95FF167C85D7 key=1 main=1} activeMgr=0x0000000a48f60400 activeWinId=22EB988A activeSelected=BAF87 contexts=[*22EB988A{mgr=0x0000000a48f60400,win=33,key=1,main=1,tabs=1,selected=BAF87}]
12:12:11.833 shortcut.sync.pre source=preferredWindow preferred={num=33 id=22EB988A ident=cmux.main.22EB988A-44B3-4F8C-A163-95FF167C85D7 key=1 main=1} chosen={id=22EB988A mgr=0x0000000a48f60400 tabs=1 selected=BAF87 hasWindow=1} eventWinNum=nil eventWin={nil} keyWin={num=33 id=22EB988A ident=cmux.main.22EB988A-44B3-4F8C-A163-95FF167C85D7 key=1 main=1} mainWin={num=33 id=22EB988A ident=cmux.main.22EB988A-44B3-4F8C-A163-95FF167C85D7 key=1 main=1} activeMgr=0x0000000a48f60400 activeWinId=22EB988A activeSelected=BAF87 contexts=[*22EB988A{mgr=0x0000000a48f60400,win=33,key=1,main=1,tabs=1,selected=BAF87}]
12:12:11.833 shortcut.sync.post source=preferredWindow beforeMgr=0x0000000a48f60400 afterMgr=0x0000000a48f60400 chosen={id=22EB988A mgr=0x0000000a48f60400 tabs=1 selected=BAF87 hasWindow=1} nochange=1 eventWinNum=nil eventWin={nil} keyWin={num=33 id=22EB988A ident=cmux.main.22EB988A-44B3-4F8C-A163-95FF167C85D7 key=1 main=1} mainWin={num=33 id=22EB988A ident=cmux.main.22EB988A-44B3-4F8C-A163-95FF167C85D7 key=1 main=1} activeMgr=0x0000000a48f60400 activeWinId=22EB988A activeSelected=BAF87 contexts=[*22EB988A{mgr=0x0000000a48f60400,win=33,key=1,main=1,tabs=1,selected=BAF87}]
12:12:11.833 shortcut.sync.pre source=preferredWindow preferred={num=33 id=22EB988A ident=cmux.main.22EB988A-44B3-4F8C-A163-95FF167C85D7 key=1 main=1} chosen={id=22EB988A mgr=0x0000000a48f60400 tabs=1 selected=BAF87 hasWindow=1} eventWinNum=nil eventWin={nil} keyWin={num=33 id=22EB988A ident=cmux.main.22EB988A-44B3-4F8C-A163-95FF167C85D7 key=1 main=1} mainWin={num=33 id=22EB988A ident=cmux.main.22EB988A-44B3-4F8C-A163-95FF167C85D7 key=1 main=1} activeMgr=0x0000000a48f60400 activeWinId=22EB988A activeSelected=BAF87 contexts=[*22EB988A{mgr=0x0000000a48f60400,win=33,key=1,main=1,tabs=1,selected=BAF87}]
12:12:11.833 shortcut.sync.post source=preferredWindow beforeMgr=0x0000000a48f60400 afterMgr=0x0000000a48f60400 chosen={id=22EB988A mgr=0x0000000a48f60400 tabs=1 selected=BAF87 hasWindow=1} nochange=1 eventWinNum=nil eventWin={nil} keyWin={num=33 id=22EB988A ident=cmux.main.22EB988A-44B3-4F8C-A163-95FF167C85D7 key=1 main=1} mainWin={num=33 id=22EB988A ident=cmux.main.22EB988A-44B3-4F8C-A163-95FF167C85D7 key=1 main=1} activeMgr=0x0000000a48f60400 activeWinId=22EB988A activeSelected=BAF87 contexts=[*22EB988A{mgr=0x0000000a48f60400,win=33,key=1,main=1,tabs=1,selected=BAF87}]
12:12:11.855 markdown.renderer.hidden panel=0FE7FD27-C89D-4CD3-B30E-144D4612B5E9 line=1 offset=-27.0 width=720.0 height=601.0
12:12:11.882 markdown.renderer.evicted panel=053F6D27-4617-4726-BF84-83764F25B13A line=77 offset=130.828125 source=0 width=720.0 height=601.0
12:12:12.809 markdown.renderer.restored panel=AAEA42E7-7E43-4BE3-9A39-C0E1AE50326B line=1 offset=-27.0 width=720.0 height=601.0
12:12:12.809 markdown.renderer.ready panel=AAEA42E7-7E43-4BE3-9A39-C0E1AE50326B elapsedMs=991.316
12:12:12.812 focus.panel panel=053F6 pane=1E9DF trigger=standard
12:12:12.813 focus.panel.begin workspace=BAF87 panel=053F6 trigger=standard targetPane=1E9DF focusedPane=1E9DF selectedTab=8C8CE converged=0 currentPanel=AAEA4
12:12:12.813 focus.panel.focusPane workspace=BAF87 panel=053F6 pane=1E9DF
12:12:12.813 focus.bonsplit pane=1E9DF
12:12:12.813 focus.split.apply.begin workspace=BAF87 pane=1E9DF tab=8C8CE focusedPane=1E9DF selectedTab=8C8CE reassert=1
12:12:12.813 focus.split.apply.end workspace=BAF87 panel=AAEA4 type=MarkdownPanel focusedPane=1E9DF selectedTab=8C8CE prevPanel=AAEA4
12:12:12.814 focus.panel.selectTab workspace=BAF87 panel=053F6 tab=29265
12:12:12.814 focus.bonsplit pane=1E9DF
12:12:12.814 focus.split.apply.begin workspace=BAF87 pane=1E9DF tab=29265 focusedPane=1E9DF selectedTab=29265 reassert=1
12:12:12.814 focus.split.apply.end workspace=BAF87 panel=053F6 type=MarkdownPanel focusedPane=1E9DF selectedTab=29265 prevPanel=053F6
12:12:12.815 focus.split.apply.begin workspace=BAF87 pane=1E9DF tab=29265 focusedPane=1E9DF selectedTab=29265 reassert=1
12:12:12.815 focus.split.apply.end workspace=BAF87 panel=053F6 type=MarkdownPanel focusedPane=1E9DF selectedTab=29265 prevPanel=053F6
12:12:12.816 shortcut.sync.pre source=preferredWindow preferred={num=33 id=22EB988A ident=cmux.main.22EB988A-44B3-4F8C-A163-95FF167C85D7 key=1 main=1} chosen={id=22EB988A mgr=0x0000000a48f60400 tabs=1 selected=BAF87 hasWindow=1} eventWinNum=nil eventWin={nil} keyWin={num=33 id=22EB988A ident=cmux.main.22EB988A-44B3-4F8C-A163-95FF167C85D7 key=1 main=1} mainWin={num=33 id=22EB988A ident=cmux.main.22EB988A-44B3-4F8C-A163-95FF167C85D7 key=1 main=1} activeMgr=0x0000000a48f60400 activeWinId=22EB988A activeSelected=BAF87 contexts=[*22EB988A{mgr=0x0000000a48f60400,win=33,key=1,main=1,tabs=1,selected=BAF87}]
12:12:12.816 shortcut.sync.post source=preferredWindow beforeMgr=0x0000000a48f60400 afterMgr=0x0000000a48f60400 chosen={id=22EB988A mgr=0x0000000a48f60400 tabs=1 selected=BAF87 hasWindow=1} nochange=1 eventWinNum=nil eventWin={nil} keyWin={num=33 id=22EB988A ident=cmux.main.22EB988A-44B3-4F8C-A163-95FF167C85D7 key=1 main=1} mainWin={num=33 id=22EB988A ident=cmux.main.22EB988A-44B3-4F8C-A163-95FF167C85D7 key=1 main=1} activeMgr=0x0000000a48f60400 activeWinId=22EB988A activeSelected=BAF87 contexts=[*22EB988A{mgr=0x0000000a48f60400,win=33,key=1,main=1,tabs=1,selected=BAF87}]
12:12:12.816 shortcut.sync.pre source=preferredWindow preferred={num=33 id=22EB988A ident=cmux.main.22EB988A-44B3-4F8C-A163-95FF167C85D7 key=1 main=1} chosen={id=22EB988A mgr=0x0000000a48f60400 tabs=1 selected=BAF87 hasWindow=1} eventWinNum=nil eventWin={nil} keyWin={num=33 id=22EB988A ident=cmux.main.22EB988A-44B3-4F8C-A163-95FF167C85D7 key=1 main=1} mainWin={num=33 id=22EB988A ident=cmux.main.22EB988A-44B3-4F8C-A163-95FF167C85D7 key=1 main=1} activeMgr=0x0000000a48f60400 activeWinId=22EB988A activeSelected=BAF87 contexts=[*22EB988A{mgr=0x0000000a48f60400,win=33,key=1,main=1,tabs=1,selected=BAF87}]
12:12:12.816 shortcut.sync.post source=preferredWindow beforeMgr=0x0000000a48f60400 afterMgr=0x0000000a48f60400 chosen={id=22EB988A mgr=0x0000000a48f60400 tabs=1 selected=BAF87 hasWindow=1} nochange=1 eventWinNum=nil eventWin={nil} keyWin={num=33 id=22EB988A ident=cmux.main.22EB988A-44B3-4F8C-A163-95FF167C85D7 key=1 main=1} mainWin={num=33 id=22EB988A ident=cmux.main.22EB988A-44B3-4F8C-A163-95FF167C85D7 key=1 main=1} activeMgr=0x0000000a48f60400 activeWinId=22EB988A activeSelected=BAF87 contexts=[*22EB988A{mgr=0x0000000a48f60400,win=33,key=1,main=1,tabs=1,selected=BAF87}]
12:12:12.816 shortcut.sync.pre source=preferredWindow preferred={num=33 id=22EB988A ident=cmux.main.22EB988A-44B3-4F8C-A163-95FF167C85D7 key=1 main=1} chosen={id=22EB988A mgr=0x0000000a48f60400 tabs=1 selected=BAF87 hasWindow=1} eventWinNum=nil eventWin={nil} keyWin={num=33 id=22EB988A ident=cmux.main.22EB988A-44B3-4F8C-A163-95FF167C85D7 key=1 main=1} mainWin={num=33 id=22EB988A ident=cmux.main.22EB988A-44B3-4F8C-A163-95FF167C85D7 key=1 main=1} activeMgr=0x0000000a48f60400 activeWinId=22EB988A activeSelected=BAF87 contexts=[*22EB988A{mgr=0x0000000a48f60400,win=33,key=1,main=1,tabs=1,selected=BAF87}]
12:12:12.816 shortcut.sync.post source=preferredWindow beforeMgr=0x0000000a48f60400 afterMgr=0x0000000a48f60400 chosen={id=22EB988A mgr=0x0000000a48f60400 tabs=1 selected=BAF87 hasWindow=1} nochange=1 eventWinNum=nil eventWin={nil} keyWin={num=33 id=22EB988A ident=cmux.main.22EB988A-44B3-4F8C-A163-95FF167C85D7 key=1 main=1} mainWin={num=33 id=22EB988A ident=cmux.main.22EB988A-44B3-4F8C-A163-95FF167C85D7 key=1 main=1} activeMgr=0x0000000a48f60400 activeWinId=22EB988A activeSelected=BAF87 contexts=[*22EB988A{mgr=0x0000000a48f60400,win=33,key=1,main=1,tabs=1,selected=BAF87}]
12:12:12.816 shortcut.sync.pre source=preferredWindow preferred={num=33 id=22EB988A ident=cmux.main.22EB988A-44B3-4F8C-A163-95FF167C85D7 key=1 main=1} chosen={id=22EB988A mgr=0x0000000a48f60400 tabs=1 selected=BAF87 hasWindow=1} eventWinNum=nil eventWin={nil} keyWin={num=33 id=22EB988A ident=cmux.main.22EB988A-44B3-4F8C-A163-95FF167C85D7 key=1 main=1} mainWin={num=33 id=22EB988A ident=cmux.main.22EB988A-44B3-4F8C-A163-95FF167C85D7 key=1 main=1} activeMgr=0x0000000a48f60400 activeWinId=22EB988A activeSelected=BAF87 contexts=[*22EB988A{mgr=0x0000000a48f60400,win=33,key=1,main=1,tabs=1,selected=BAF87}]
12:12:12.816 shortcut.sync.post source=preferredWindow beforeMgr=0x0000000a48f60400 afterMgr=0x0000000a48f60400 chosen={id=22EB988A mgr=0x0000000a48f60400 tabs=1 selected=BAF87 hasWindow=1} nochange=1 eventWinNum=nil eventWin={nil} keyWin={num=33 id=22EB988A ident=cmux.main.22EB988A-44B3-4F8C-A163-95FF167C85D7 key=1 main=1} mainWin={num=33 id=22EB988A ident=cmux.main.22EB988A-44B3-4F8C-A163-95FF167C85D7 key=1 main=1} activeMgr=0x0000000a48f60400 activeWinId=22EB988A activeSelected=BAF87 contexts=[*22EB988A{mgr=0x0000000a48f60400,win=33,key=1,main=1,tabs=1,selected=BAF87}]
12:12:12.856 markdown.renderer.hidden panel=AAEA42E7-7E43-4BE3-9A39-C0E1AE50326B line=1 offset=-27.0 width=720.0 height=601.0
12:12:12.878 markdown.renderer.evicted panel=1FB0D199-AE00-478E-9473-BEE410DED002 line=1 offset=-27.0 source=0 width=720.0 height=601.0
12:12:13.823 markdown.renderer.restored panel=053F6D27-4617-4726-BF84-83764F25B13A line=77 offset=130.828125 width=720.0 height=601.0
12:12:13.823 markdown.renderer.ready panel=053F6D27-4617-4726-BF84-83764F25B13A elapsedMs=996.377
